Component: ARM Compiler 5.05 (build 41) Tool: armlink [4d0eb9]

==============================================================================

Section Cross References

    heap_4.o(i.prvHeapInit) refers to heap_4.o(.bss) for .bss
    heap_4.o(i.prvHeapInit) refers to heap_4.o(.data) for .data
    heap_4.o(i.prvInsertBlockIntoFreeList) refers to heap_4.o(.data) for .data
    heap_4.o(i.pvPortMalloc) refers to tasks.o(i.vTaskSuspendAll) for vTaskSuspendAll
    heap_4.o(i.pvPortMalloc) refers to heap_4.o(i.prvHeapInit) for prvHeapInit
    heap_4.o(i.pvPortMalloc) refers to heap_4.o(i.prvInsertBlockIntoFreeList) for prvInsertBlockIntoFreeList
    heap_4.o(i.pvPortMalloc) refers to tasks.o(i.xTaskResumeAll) for xTaskResumeAll
    heap_4.o(i.pvPortMalloc) refers to heap_4.o(.data) for .data
    heap_4.o(i.vPortFree) refers to tasks.o(i.vTaskSuspendAll) for vTaskSuspendAll
    heap_4.o(i.vPortFree) refers to heap_4.o(i.prvInsertBlockIntoFreeList) for prvInsertBlockIntoFreeList
    heap_4.o(i.vPortFree) refers to tasks.o(i.xTaskResumeAll) for xTaskResumeAll
    heap_4.o(i.vPortFree) refers to heap_4.o(.data) for .data
    heap_4.o(i.xPortGetFreeHeapSize) refers to heap_4.o(.data) for .data
    heap_4.o(i.xPortGetMinimumEverFreeHeapSize) refers to heap_4.o(.data) for .data
    queue.o(i.pcQueueGetName) refers to queue.o(.bss) for .bss
    queue.o(i.prvCopyDataFromQueue) refers to memcpya.o(.text) for __aeabi_memcpy
    queue.o(i.prvCopyDataToQueue) refers to memcpya.o(.text) for __aeabi_memcpy
    queue.o(i.prvCopyDataToQueue) refers to tasks.o(i.xTaskPriorityDisinherit) for xTaskPriorityDisinherit
    queue.o(i.prvIsQueueEmpty) refers to port.o(i.vPortEnterCritical) for vPortEnterCritical
    queue.o(i.prvIsQueueEmpty) refers to port.o(i.vPortExitCritical) for vPortExitCritical
    queue.o(i.prvUnlockQueue) refers to port.o(i.vPortEnterCritical) for vPortEnterCritical
    queue.o(i.prvUnlockQueue) refers to tasks.o(i.xTaskRemoveFromEventList) for xTaskRemoveFromEventList
    queue.o(i.prvUnlockQueue) refers to tasks.o(i.vTaskMissedYield) for vTaskMissedYield
    queue.o(i.prvUnlockQueue) refers to port.o(i.vPortExitCritical) for vPortExitCritical
    queue.o(i.uxQueueMessagesWaiting) refers to port.o(i.vPortEnterCritical) for vPortEnterCritical
    queue.o(i.uxQueueMessagesWaiting) refers to port.o(i.vPortExitCritical) for vPortExitCritical
    queue.o(i.uxQueueSpacesAvailable) refers to port.o(i.vPortEnterCritical) for vPortEnterCritical
    queue.o(i.uxQueueSpacesAvailable) refers to port.o(i.vPortExitCritical) for vPortExitCritical
    queue.o(i.vQueueAddToRegistry) refers to queue.o(.bss) for .bss
    queue.o(i.vQueueDelete) refers to queue.o(i.vQueueUnregisterQueue) for vQueueUnregisterQueue
    queue.o(i.vQueueDelete) refers to heap_4.o(i.vPortFree) for vPortFree
    queue.o(i.vQueueUnregisterQueue) refers to queue.o(.bss) for .bss
    queue.o(i.xQueueCreateMutex) refers to queue.o(i.xQueueGenericCreate) for xQueueGenericCreate
    queue.o(i.xQueueCreateMutex) refers to queue.o(i.xQueueGenericSend) for xQueueGenericSend
    queue.o(i.xQueueGenericCreate) refers to heap_4.o(i.pvPortMalloc) for pvPortMalloc
    queue.o(i.xQueueGenericCreate) refers to queue.o(i.xQueueGenericReset) for xQueueGenericReset
    queue.o(i.xQueueGenericReceive) refers to tasks.o(i.xTaskGetSchedulerState) for xTaskGetSchedulerState
    queue.o(i.xQueueGenericReceive) refers to port.o(i.vPortEnterCritical) for vPortEnterCritical
    queue.o(i.xQueueGenericReceive) refers to queue.o(i.prvCopyDataFromQueue) for prvCopyDataFromQueue
    queue.o(i.xQueueGenericReceive) refers to tasks.o(i.xTaskRemoveFromEventList) for xTaskRemoveFromEventList
    queue.o(i.xQueueGenericReceive) refers to port.o(i.vPortExitCritical) for vPortExitCritical
    queue.o(i.xQueueGenericReceive) refers to tasks.o(i.pvTaskIncrementMutexHeldCount) for pvTaskIncrementMutexHeldCount
    queue.o(i.xQueueGenericReceive) refers to tasks.o(i.vTaskSetTimeOutState) for vTaskSetTimeOutState
    queue.o(i.xQueueGenericReceive) refers to tasks.o(i.vTaskSuspendAll) for vTaskSuspendAll
    queue.o(i.xQueueGenericReceive) refers to tasks.o(i.xTaskCheckForTimeOut) for xTaskCheckForTimeOut
    queue.o(i.xQueueGenericReceive) refers to queue.o(i.prvUnlockQueue) for prvUnlockQueue
    queue.o(i.xQueueGenericReceive) refers to tasks.o(i.xTaskResumeAll) for xTaskResumeAll
    queue.o(i.xQueueGenericReceive) refers to queue.o(i.prvIsQueueEmpty) for prvIsQueueEmpty
    queue.o(i.xQueueGenericReceive) refers to tasks.o(i.vTaskPriorityInherit) for vTaskPriorityInherit
    queue.o(i.xQueueGenericReceive) refers to tasks.o(i.vTaskPlaceOnEventList) for vTaskPlaceOnEventList
    queue.o(i.xQueueGenericReset) refers to port.o(i.vPortEnterCritical) for vPortEnterCritical
    queue.o(i.xQueueGenericReset) refers to list.o(i.vListInitialise) for vListInitialise
    queue.o(i.xQueueGenericReset) refers to port.o(i.vPortExitCritical) for vPortExitCritical
[...]
    DMA1_Stream0_IRQHandler                  0x08000273   Thumb Code     0  startup_stm32f407xx.o(.text)
    DMA1_Stream1_IRQHandler                  0x08000273   Thumb Code     0  startup_stm32f407xx.o(.text)
    DMA1_Stream2_IRQHandler                  0x08000273   Thumb Code     0  startup_stm32f407xx.o(.text)
    DMA1_Stream3_IRQHandler                  0x08000273   Thumb Code     0  startup_stm32f407xx.o(.text)
    DMA1_Stream4_IRQHandler                  0x08000273   Thumb Code     0  startup_stm32f407xx.o(.text)
    DMA1_Stream5_IRQHandler                  0x08000273   Thumb Code     0  startup_stm32f407xx.o(.text)
    DMA1_Stream6_IRQHandler                  0x08000273   Thumb Code     0  startup_stm32f407xx.o(.text)
    DMA1_Stream7_IRQHandler                  0x08000273   Thumb Code     0  startup_stm32f407xx.o(.text)
    DMA2_Stream0_IRQHandler                  0x08000273   Thumb Code     0  startup_stm32f407xx.o(.text)
    DMA2_Stream1_IRQHandler                  0x08000273   Thumb Code     0  startup_stm32f407xx.o(.text)
    DMA2_Stream2_IRQHandler                  0x08000273   Thumb Code     0  startup_stm32f407xx.o(.text)
    DMA2_Stream3_IRQHandler                  0x08000273   Thumb Code     0  startup_stm32f407xx.o(.text)
    DMA2_Stream4_IRQHandler                  0x08000273   Thumb Code     0  startup_stm32f407xx.o(.text)
    DMA2_Stream5_IRQHandler                  0x08000273   Thumb Code     0  startup_stm32f407xx.o(.text)
    DMA2_Stream6_IRQHandler                  0x08000273   Thumb Code     0  startup_stm32f407xx.o(.text)
    DMA2_Stream7_IRQHandler                  0x08000273   Thumb Code     0  startup_stm32f407xx.o(.text)
    EXTI0_IRQHandler                         0x08000273   Thumb Code     0  startup_stm32f407xx.o(.text)
    EXTI15_10_IRQHandler                     0x08000273   Thumb Code     0  startup_stm32f407xx.o(.text)
    EXTI1_IRQHandler                         0x08000273   Thumb Code     0  startup_stm32f407xx.o(.text)
    EXTI2_IRQHandler                         0x08000273   Thumb Code     0  startup_stm32f407xx.o(.text)
    EXTI3_IRQHandler                         0x08000273   Thumb Code     0  startup_stm32f407xx.o(.text)
    EXTI4_IRQHandler                         0x08000273   Thumb Code     0  startup_stm32f407xx.o(.text)
    EXTI9_5_IRQHandler                       0x08000273   Thumb Code     0  startup_stm32f407xx.o(.text)
    FLASH_IRQHandler                         0x08000273   Thumb Code     0  startup_stm32f407xx.o(.text)
    FMC_IRQHandler                           0x08000273   Thumb Code     0  startup_stm32f407xx.o(.text)
    FPU_IRQHandler                           0x08000273   Thumb Code     0  startup_stm32f407xx.o(.text)
    HASH_RNG_IRQHandler                      0x08000273   Thumb Code     0  startup_stm32f407xx.o(.text)
    I2C1_ER_IRQHandler                       0x08000273   Thumb Code     0  startup_stm32f407xx.o(.text)
    I2C1_EV_IRQHandler                       0x08000273   Thumb Code     0  startup_stm32f407xx.o(.text)
    I2C2_ER_IRQHandler                       0x08000273   Thumb Code     0  startup_stm32f407xx.o(.text)
    I2C2_EV_IRQHandler                       0x08000273   Thumb Code     0  startup_stm32f407xx.o(.text)
    I2C3_ER_IRQHandler                       0x08000273   Thumb Code     0  startup_stm32f407xx.o(.text)
    I2C3_EV_IRQHandler                       0x08000273   Thumb Code     0  startup_stm32f407xx.o(.text)
    OTG_FS_IRQHandler                        0x08000273   Thumb Code     0  startup_stm32f407xx.o(.text)
    OTG_FS_WKUP_IRQHandler                   0x08000273   Thumb Code     0  startup_stm32f407xx.o(.text)
    OTG_HS_EP1_IN_IRQHandler                 0x08000273   Thumb Code     0  startup_stm32f407xx.o(.text)
    OTG_HS_EP1_OUT_IRQHandler                0x08000273   Thumb Code     0  startup_stm32f407xx.o(.text)
    OTG_HS_IRQHandler                        0x08000273   Thumb Code     0  startup_stm32f407xx.o(.text)
    OTG_HS_WKUP_IRQHandler                   0x08000273   Thumb Code     0  startup_stm32f407xx.o(.text)
    PVD_IRQHandler                           0x08000273   Thumb Code     0  startup_stm32f407xx.o(.text)
    RCC_IRQHandler                           0x08000273   Thumb Code     0  startup_stm32f407xx.o(.text)
    RTC_Alarm_IRQHandler                     0x08000273   Thumb Code     0  startup_stm32f407xx.o(.text)
    RTC_WKUP_IRQHandler                      0x08000273   Thumb Code     0  startup_stm32f407xx.o(.text)
    SDIO_IRQHandler                          0x08000273   Thumb Code     0  startup_stm32f407xx.o(.text)
    SPI1_IRQHandler                          0x08000273   Thumb Code     0  startup_stm32f407xx.o(.text)
    SPI2_IRQHandler                          0x08000273   Thumb Code     0  startup_stm32f407xx.o(.text)
    SPI3_IRQHandler                          0x08000273   Thumb Code     0  startup_stm32f407xx.o(.text)
    TAMP_STAMP_IRQHandler                    0x08000273   Thumb Code     0  startup_stm32f407xx.o(.text)
    TIM1_BRK_TIM9_IRQHandler                 0x08000273   Thumb Code     0  startup_stm32f407xx.o(.text)
    TIM1_CC_IRQHandler                       0x08000273   Thumb Code     0  startup_stm32f407xx.o(.text)
    TIM1_TRG_COM_TIM11_IRQHandler            0x08000273   Thumb Code     0  startup_stm32f407xx.o(.text)
    TIM1_UP_TIM10_IRQHandler                 0x08000273   Thumb Code     0  startup_stm32f407xx.o(.text)
    TIM2_IRQHandler                          0x08000273   Thumb Code     0  startup_stm32f407xx.o(.text)
    TIM4_IRQHandler                          0x08000273   Thumb Code     0  startup_stm32f407xx.o(.text)
    TIM5_IRQHandler                          0x08000273   Thumb Code     0  startup_stm32f407xx.o(.text)
    TIM6_DAC_IRQHandler                      0x08000273   Thumb Code     0  startup_stm32f407xx.o(.text)
    TIM7_IRQHandler                          0x08000273   Thumb Code     0  startup_stm32f407xx.o(.text)
    TIM8_BRK_TIM12_IRQHandler                0x08000273   Thumb Code     0  startup_stm32f407xx.o(.text)
    TIM8_CC_IRQHandler                       0x08000273   Thumb Code     0  startup_stm32f407xx.o(.text)
    TIM8_TRG_COM_TIM14_IRQHandler            0x08000273   Thumb Code     0  startup_stm32f407xx.o(.text)
    TIM8_UP_TIM13_IRQHandler                 0x08000273   Thumb Code     0  startup_stm32f407xx.o(.text)
    UART4_IRQHandler                         0x08000273   Thumb Code     0  startup_stm32f407xx.o(.text)
    UART5_IRQHandler                         0x08000273   Thumb Code     0  startup_stm32f407xx.o(.text)
    USART1_IRQHandler                        0x08000273   Thumb Code     0  startup_stm32f407xx.o(.text)
    USART2_IRQHandler                        0x08000273   Thumb Code     0  startup_stm32f407xx.o(.text)
    USART3_IRQHandler                        0x08000273   Thumb Code     0  startup_stm32f407xx.o(.text)
    USART6_IRQHandler                        0x08000273   Thumb Code     0  startup_stm32f407xx.o(.text)
    WWDG_IRQHandler                          0x08000273   Thumb Code     0  startup_stm32f407xx.o(.text)
    __aeabi_memcpy                           0x0800027d   Thumb Code    36  memcpya.o(.text)
    __aeabi_memcpy4                          0x0800027d   Thumb Code     0  memcpya.o(.text)
    __aeabi_memcpy8                          0x0800027d   Thumb Code     0  memcpya.o(.text)
    __aeabi_memset                           0x080002a1   Thumb Code    14  memseta.o(.text)
    __aeabi_memset4                          0x080002a1   Thumb Code     0  memseta.o(.text)
    __aeabi_memset8                          0x080002a1   Thumb Code     0  memseta.o(.text)
    __aeabi_memclr                           0x080002af   Thumb Code     4  memseta.o(.text)
    __aeabi_memclr4                          0x080002af   Thumb Code     0  memseta.o(.text)
    __aeabi_memclr8                          0x080002af   Thumb Code     0  memseta.o(.text)
    _memset$wrapper                          0x080002b3   Thumb Code    18  memseta.o(.text)
    memcmp                                   0x080002c5   Thumb Code    26  memcmp.o(.text)
    __scatterload                            0x080002e1   Thumb Code    28  init.o(.text)
    __scatterload_rt2                        0x080002e1   Thumb Code     0  init.o(.text)
    __decompress                             0x08000305   Thumb Code     0  __dczerorl.o(.text)
    __decompress0                            0x08000305   Thumb Code    58  __dczerorl.o(.text)
    BusFault_Handler                         0x0800033f   Thumb Code     2  stm32f4xx_it.o(i.BusFault_Handler)
    DebugMon_Handler                         0x08000341   Thumb Code     2  stm32f4xx_it.o(i.DebugMon_Handler)
    ETH_IRQHandler                           0x08000395   Thumb Code     6  stm32f4xx_it.o(i.ETH_IRQHandler)
    ETH_WKUP_IRQHandler                      0x080004c5   Thumb Code     6  stm32f4xx_it.o(i.ETH_WKUP_IRQHandler)
    HAL_Delay                                0x080004d1   Thumb Code    28  stm32f4xx_hal.o(i.HAL_Delay)
    HAL_ETH_ConfigMAC                        0x080004ed   Thumb Code   300  stm32f4xx_hal_eth.o(i.HAL_ETH_ConfigMAC)
    HAL_ETH_DMARxDescListInit                0x0800061d   Thumb Code   116  stm32f4xx_hal_eth.o(i.HAL_ETH_DMARxDescListInit)
    HAL_ETH_DMATxDescListInit                0x08000691   Thumb Code   120  stm32f4xx_hal_eth.o(i.HAL_ETH_DMATxDescListInit)
    HAL_ETH_ErrorCallback                    0x08000709   Thumb Code     2  stm32f4xx_hal_eth.o(i.HAL_ETH_ErrorCallback)
    HAL_ETH_GetReceivedFrame_IT              0x0800070b   Thumb Code   136  stm32f4xx_hal_eth.o(i.HAL_ETH_GetReceivedFrame_IT)
    HAL_ETH_IRQHandler                       0x08000793   Thumb Code   122  stm32f4xx_hal_eth.o(i.HAL_ETH_IRQHandler)
    HAL_ETH_Init                             0x0800080d   Thumb Code   450  stm32f4xx_hal_eth.o(i.HAL_ETH_Init)
    HAL_ETH_MspInit                          0x080009f9   Thumb Code   168  ethernetif.o(i.HAL_ETH_MspInit)
    HAL_ETH_ReadPHYRegister                  0x08000ab5   Thumb Code   132  stm32f4xx_hal_eth.o(i.HAL_ETH_ReadPHYRegister)
    HAL_ETH_RxCpltCallback                   0x08000b39   Thumb Code     8  ethernetif.o(i.HAL_ETH_RxCpltCallback)
    HAL_ETH_Start                            0x08000b45   Thumb Code   132  stm32f4xx_hal_eth.o(i.HAL_ETH_Start)
    HAL_ETH_Stop                             0x08000bc9   Thumb Code   132  stm32f4xx_hal_eth.o(i.HAL_ETH_Stop)
    HAL_ETH_TransmitFrame                    0x08000c4d   Thumb Code   264  stm32f4xx_hal_eth.o(i.HAL_ETH_TransmitFrame)
    HAL_ETH_TxCpltCallback                   0x08000d55   Thumb Code     2  stm32f4xx_hal_eth.o(i.HAL_ETH_TxCpltCallback)
    HAL_ETH_WritePHYRegister                 0x08000d59   Thumb Code   120  stm32f4xx_hal_eth.o(i.HAL_ETH_WritePHYRegister)
    HAL_GPIO_Init                            0x08000dd1   Thumb Code   388  stm32f4xx_hal_gpio.o(i.HAL_GPIO_Init)
    HAL_GPIO_WritePin                        0x08000f81   Thumb Code    10  stm32f4xx_hal_gpio.o(i.HAL_GPIO_WritePin)
    HAL_GetTick                              0x08000f8d   Thumb Code     6  stm32f4xx_hal.o(i.HAL_GetTick)
    HAL_IncTick                              0x08000f99   Thumb Code    10  stm32f4xx_hal.o(i.HAL_IncTick)
    HAL_Init                                 0x08000fa9   Thumb Code    48  stm32f4xx_hal.o(i.HAL_Init)
    HAL_InitTick                             0x08000fdd   Thumb Code   100  stm32f4xx_hal_timebase_tim.o(i.HAL_InitTick)
    HAL_MspInit                              0x08001051   Thumb Code    88  stm32f4xx_hal_msp.o(i.HAL_MspInit)
    HAL_NVIC_EnableIRQ                       0x080010a9   Thumb Code    22  stm32f4xx_hal_cortex.o(i.HAL_NVIC_EnableIRQ)
    HAL_NVIC_SetPriority                     0x080010c1   Thumb Code    60  stm32f4xx_hal_cortex.o(i.HAL_NVIC_SetPriority)
    HAL_NVIC_SetPriorityGrouping             0x08001101   Thumb Code    26  stm32f4xx_hal_cortex.o(i.HAL_NVIC_SetPriorityGrouping)
    HAL_RCC_ClockConfig                      0x08001125   Thumb Code   364  stm32f4xx_hal_rcc.o(i.HAL_RCC_ClockConfig)
    HAL_RCC_GetClockConfig                   0x080012a1   Thumb Code    54  stm32f4xx_hal_rcc.o(i.HAL_RCC_GetClockConfig)
    HAL_RCC_GetHCLKFreq                      0x080012e1   Thumb Code     6  stm32f4xx_hal_rcc.o(i.HAL_RCC_GetHCLKFreq)
    HAL_RCC_GetPCLK1Freq                     0x080012ed   Thumb Code    34  stm32f4xx_hal_rcc.o(i.HAL_RCC_GetPCLK1Freq)
    HAL_RCC_GetPCLK2Freq                     0x0800131d   Thumb Code    34  stm32f4xx_hal_rcc.o(i.HAL_RCC_GetPCLK2Freq)
    HAL_RCC_GetSysClockFreq                  0x0800134d   Thumb Code   104  stm32f4xx_hal_rcc.o(i.HAL_RCC_GetSysClockFreq)
    HAL_RCC_OscConfig                        0x080013bd   Thumb Code   770  stm32f4xx_hal_rcc.o(i.HAL_RCC_OscConfig)
    HAL_SYSTICK_CLKSourceConfig              0x080016d1   Thumb Code    24  stm32f4xx_hal_cortex.o(i.HAL_SYSTICK_CLKSourceConfig)
    HAL_SYSTICK_Config                       0x080016e9   Thumb Code    40  stm32f4xx_hal_cortex.o(i.HAL_SYSTICK_Config)
    HAL_TIMEx_BreakCallback                  0x08001711   Thumb Code     2  stm32f4xx_hal_tim_ex.o(i.HAL_TIMEx_BreakCallback)
    HAL_TIMEx_CommutationCallback            0x08001713   Thumb Code     2  stm32f4xx_hal_tim_ex.o(i.HAL_TIMEx_CommutationCallback)
    HAL_TIM_Base_Init                        0x08001715   Thumb Code    54  stm32f4xx_hal_tim.o(i.HAL_TIM_Base_Init)
    HAL_TIM_Base_MspInit                     0x0800174b   Thumb Code     2  stm32f4xx_hal_tim.o(i.HAL_TIM_Base_MspInit)
    HAL_TIM_Base_Start_IT                    0x0800174d   Thumb Code    24  stm32f4xx_hal_tim.o(i.HAL_TIM_Base_Start_IT)
    HAL_TIM_IC_CaptureCallback               0x08001765   Thumb Code     2  stm32f4xx_hal_tim.o(i.HAL_TIM_IC_CaptureCallback)
    HAL_TIM_IRQHandler                       0x08001767   Thumb Code   358  stm32f4xx_hal_tim.o(i.HAL_TIM_IRQHandler)
    HAL_TIM_OC_DelayElapsedCallback          0x080018cd   Thumb Code     2  stm32f4xx_hal_tim.o(i.HAL_TIM_OC_DelayElapsedCallback)
    HAL_TIM_PWM_PulseFinishedCallback        0x080018cf   Thumb Code     2  stm32f4xx_hal_tim.o(i.HAL_TIM_PWM_PulseFinishedCallback)
    HAL_TIM_PeriodElapsedCallback            0x080018d1   Thumb Code    14  main.o(i.HAL_TIM_PeriodElapsedCallback)
    HAL_TIM_TriggerCallback                  0x080018e5   Thumb Code     2  stm32f4xx_hal_tim.o(i.HAL_TIM_TriggerCallback)
    HAL_UART_Init                            0x080018e7   Thumb Code    98  stm32f4xx_hal_uart.o(i.HAL_UART_Init)
    HAL_UART_MspInit                         0x08001949   Thumb Code    62  stm32f4xx_hal_msp.o(i.HAL_UART_MspInit)
    HAL_UART_Transmit                        0x08001995   Thumb Code   186  stm32f4xx_hal_uart.o(i.HAL_UART_Transmit)
    HardFault_Handler                        0x08001a4f   Thumb Code     2  stm32f4xx_it.o(i.HardFault_Handler)
    MX_LWIP_Init                             0x08001ac5   Thumb Code   220  lwip.o(i.MX_LWIP_Init)
    MemManage_Handler                        0x08001bcd   Thumb Code     2  stm32f4xx_it.o(i.MemManage_Handler)
    NMI_Handler                              0x08001bcf   Thumb Code     2  stm32f4xx_it.o(i.NMI_Handler)
    StartDefaultTask                         0x08001bf1   Thumb Code    12  main.o(i.StartDefaultTask)
    SysTick_Handler                          0x08001bfd   Thumb Code     4  stm32f4xx_it.o(i.SysTick_Handler)
    SystemClock_Config                       0x08001c01   Thumb Code   148  main.o(i.SystemClock_Config)
    SystemInit                               0x08001c9d   Thumb Code    66  system_stm32f4xx.o(i.SystemInit)
    TIM3_IRQHandler                          0x08001cf1   Thumb Code     6  stm32f4xx_it.o(i.TIM3_IRQHandler)
    TIM_Base_SetConfig                       0x08001cfd   Thumb Code   148  stm32f4xx_hal_tim.o(i.TIM_Base_SetConfig)
    UsageFault_Handler                       0x080020cd   Thumb Code     2  stm32f4xx_it.o(i.UsageFault_Handler)
    __0printf$bare                           0x080020d1   Thumb Code     8  printfb.o(i.__0printf$bare)
    __1printf$bare                           0x080020d1   Thumb Code     0  printfb.o(i.__0printf$bare)
    __2printf                                0x080020d1   Thumb Code     0  printfb.o(i.__0printf$bare)
    __scatterload_copy                       0x080020e1   Thumb Code    14  handlers.o(i.__scatterload_copy)
    __scatterload_null                       0x080020ef   Thumb Code     2  handlers.o(i.__scatterload_null)
    __scatterload_zeroinit                   0x080020f1   Thumb Code    14  handlers.o(i.__scatterload_zeroinit)
    etharp_cleanup_netif                     0x0800224d   Thumb Code    42  etharp.o(i.etharp_cleanup_netif)
    etharp_input                             0x0800237d   Thumb Code   160  etharp.o(i.etharp_input)
    etharp_output                            0x0800241d   Thumb Code   224  etharp.o(i.etharp_output)
    etharp_query                             0x08002569   Thumb Code   232  etharp.o(i.etharp_query)
    etharp_request                           0x080026e1   Thumb Code     6  etharp.o(i.etharp_request)
    etharp_tmr                               0x0800270d   Thumb Code    92  etharp.o(i.etharp_tmr)
    ethernet_input                           0x080027ed   Thumb Code   154  ethernet.o(i.ethernet_input)
    ethernet_output                          0x0800288d   Thumb Code    74  ethernet.o(i.ethernet_output)
    ethernetif_init                          0x080028d9   Thumb Code    30  ethernetif.o(i.ethernetif_init)
    ethernetif_input                         0x08002901   Thumb Code    48  ethernetif.o(i.ethernetif_input)
    ethernetif_notify_conn_changed           0x08002935   Thumb Code     2  ethernetif.o(i.ethernetif_notify_conn_changed)
    ethernetif_set_link                      0x08002939   Thumb Code    66  ethernetif.o(i.ethernetif_set_link)
    ethernetif_update_config                 0x08002981   Thumb Code   170  ethernetif.o(i.ethernetif_update_config)
    fputc                                    0x08002a31   Thumb Code    20  main.o(i.fputc)
    icmp_dest_unreach                        0x08002a49   Thumb Code     8  icmp.o(i.icmp_dest_unreach)
    icmp_input                               0x08002a51   Thumb Code   240  icmp.o(i.icmp_input)
    icmp_time_exceeded                       0x08002bb1   Thumb Code     8  icmp.o(i.icmp_time_exceeded)
    ip4_addr_isbroadcast_u32                 0x08002bc5   Thumb Code    46  ip4_addr.o(i.ip4_addr_isbroadcast_u32)
    ip4_frag                                 0x08002bf5   Thumb Code   342  ip4_frag.o(i.ip4_frag)
    ip4_input                                0x08002d51   Thumb Code   390  ip4.o(i.ip4_input)
    ip4_output_if                            0x08002ee1   Thumb Code    30  ip4.o(i.ip4_output_if)
    ip4_output_if_src                        0x08002f01   Thumb Code   160  ip4.o(i.ip4_output_if_src)
    ip4_reass                                0x08002fa9   Thumb Code   396  ip4_frag.o(i.ip4_reass)
    ip4_route                                0x08003139   Thumb Code    82  ip4.o(i.ip4_route)
    ip_reass_tmr                             0x0800339d   Thumb Code    40  ip4_frag.o(i.ip_reass_tmr)
    lwip_htonl                               0x08003661   Thumb Code     4  def.o(i.lwip_htonl)
    lwip_htons                               0x08003665   Thumb Code     4  def.o(i.lwip_htons)
    lwip_init                                0x08003669   Thumb Code    30  init.o(i.lwip_init)
    lwip_netconn_do_bind                     0x08003687   Thumb Code    86  api_msg.o(i.lwip_netconn_do_bind)
    lwip_netconn_do_close                    0x080036dd   Thumb Code   146  api_msg.o(i.lwip_netconn_do_close)
    lwip_netconn_do_connect                  0x080038d1   Thumb Code   168  api_msg.o(i.lwip_netconn_do_connect)
    lwip_netconn_do_delconn                  0x080039f5   Thumb Code   180  api_msg.o(i.lwip_netconn_do_delconn)
    lwip_netconn_do_newconn                  0x08003aad   Thumb Code    92  api_msg.o(i.lwip_netconn_do_newconn)
    lwip_netconn_do_recv                     0x08003b09   Thumb Code    96  api_msg.o(i.lwip_netconn_do_recv)
    lwip_netconn_do_write                    0x08003b69   Thumb Code   132  api_msg.o(i.lwip_netconn_do_write)
    main                                     0x08003d35   Thumb Code    78  main.o(i.main)
    mem_free                                 0x08003da1   Thumb Code    74  mem.o(i.mem_free)
    mem_init                                 0x08003df1   Thumb Code    48  mem.o(i.mem_init)
    mem_malloc                               0x08003e29   Thumb Code   204  mem.o(i.mem_malloc)
    mem_trim                                 0x08003ef9   Thumb Code   224  mem.o(i.mem_trim)
    memp_free                                0x08003fdd   Thumb Code    20  memp.o(i.memp_free)
    memp_init                                0x08003ff5   Thumb Code    26  memp.o(i.memp_init)
    memp_init_pool                           0x08004015   Thumb Code    42  memp.o(i.memp_init_pool)
    memp_malloc                              0x08004041   Thumb Code    18  memp.o(i.memp_malloc)
    netbuf_data                              0x08004059   Thumb Code    38  netbuf.o(i.netbuf_data)
    netbuf_delete                            0x0800407f   Thumb Code    34  netbuf.o(i.netbuf_delete)
    netbuf_next                              0x080040a1   Thumb Code    30  netbuf.o(i.netbuf_next)
    netconn_alloc                            0x080040bf   Thumb Code   102  api_msg.o(i.netconn_alloc)
    netconn_bind                             0x0800413d   Thumb Code    38  api_lib.o(i.netconn_bind)
    netconn_connect                          0x08004195   Thumb Code    38  api_lib.o(i.netconn_connect)
    netconn_delete                           0x080041c5   Thumb Code    40  api_lib.o(i.netconn_delete)
    netconn_free                             0x08004291   Thumb Code    46  api_msg.o(i.netconn_free)
    netconn_new_with_proto_and_callback      0x080042c1   Thumb Code    90  api_lib.o(i.netconn_new_with_proto_and_callback)
    netconn_recv                             0x08004321   Thumb Code    80  api_lib.o(i.netconn_recv)
    netconn_write_partly                     0x0800442d   Thumb Code    96  api_lib.o(i.netconn_write_partly)
    netif_add                                0x08004491   Thumb Code    78  netif.o(i.netif_add)
    netif_init                               0x080044e5   Thumb Code     2  netif.o(i.netif_init)
    netif_set_addr                           0x08004501   Thumb Code    72  netif.o(i.netif_set_addr)
    netif_set_default                        0x08004549   Thumb Code     6  netif.o(i.netif_set_default)
    netif_set_down                           0x08004555   Thumb Code    26  netif.o(i.netif_set_down)
    netif_set_gw                             0x0800456f   Thumb Code     8  netif.o(i.netif_set_gw)
    netif_set_ipaddr                         0x08004579   Thumb Code    52  netif.o(i.netif_set_ipaddr)
    netif_set_link_callback                  0x080045b1   Thumb Code     8  netif.o(i.netif_set_link_callback)
    netif_set_link_down                      0x080045b9   Thumb Code    26  netif.o(i.netif_set_link_down)
    netif_set_link_up                        0x080045d3   Thumb Code    48  netif.o(i.netif_set_link_up)
    netif_set_netmask                        0x08004603   Thumb Code     8  netif.o(i.netif_set_netmask)
    netif_set_up                             0x0800460b   Thumb Code    28  netif.o(i.netif_set_up)
    osDelay                                  0x08004627   Thumb Code    14  cmsis_os.o(i.osDelay)
    osKernelStart                            0x08004635   Thumb Code    10  cmsis_os.o(i.osKernelStart)
    osKernelSysTick                          0x0800463f   Thumb Code    24  cmsis_os.o(i.osKernelSysTick)
    osMessageCreate                          0x08004657   Thumb Code     8  cmsis_os.o(i.osMessageCreate)
    osMessageDelete                          0x0800465f   Thumb Code    24  cmsis_os.o(i.osMessageDelete)
    osMessageGet                             0x08004679   Thumb Code   146  cmsis_os.o(i.osMessageGet)
    osMessagePut                             0x08004711   Thumb Code    86  cmsis_os.o(i.osMessagePut)
    osMessageWaiting                         0x0800476d   Thumb Code    30  cmsis_os.o(i.osMessageWaiting)
    osMutexCreate                            0x0800478b   Thumb Code     6  cmsis_os.o(i.osMutexCreate)
    osMutexRelease                           0x08004791   Thumb Code    74  cmsis_os.o(i.osMutexRelease)
    osMutexWait                              0x080047e1   Thumb Code   100  cmsis_os.o(i.osMutexWait)
    osSemaphoreCreate                        0x08004849   Thumb Code    38  cmsis_os.o(i.osSemaphoreCreate)
    osSemaphoreDelete                        0x0800486f   Thumb Code    24  cmsis_os.o(i.osSemaphoreDelete)
    osSemaphoreRelease                       0x08004889   Thumb Code    74  cmsis_os.o(i.osSemaphoreRelease)
    osSemaphoreWait                          0x080048d9   Thumb Code   100  cmsis_os.o(i.osSemaphoreWait)
    osSystickHandler                         0x08004941   Thumb Code    20  cmsis_os.o(i.osSystickHandler)
    osThreadCreate                           0x08004955   Thumb Code    46  cmsis_os.o(i.osThreadCreate)
    pbuf_alloc                               0x08004983   Thumb Code   276  pbuf.o(i.pbuf_alloc)
    pbuf_alloced_custom                      0x08004a97   Thumb Code    82  pbuf.o(i.pbuf_alloced_custom)
    pbuf_cat                                 0x08004ae9   Thumb Code    40  pbuf.o(i.pbuf_cat)
    pbuf_clen                                0x08004b11   Thumb Code    18  pbuf.o(i.pbuf_clen)
    pbuf_copy                                0x08004b23   Thumb Code   154  pbuf.o(i.pbuf_copy)
    pbuf_copy_partial                        0x08004bbd   Thumb Code   104  pbuf.o(i.pbuf_copy_partial)
    pbuf_free                                0x08004c25   Thumb Code    96  pbuf.o(i.pbuf_free)
    pbuf_header                              0x08004c85   Thumb Code     6  pbuf.o(i.pbuf_header)
    pbuf_header_force                        0x08004c8b   Thumb Code     6  pbuf.o(i.pbuf_header_force)
    pbuf_realloc                             0x08004cf5   Thumb Code    84  pbuf.o(i.pbuf_realloc)
    pbuf_ref                                 0x08004d49   Thumb Code    26  pbuf.o(i.pbuf_ref)
    pvPortMalloc                             0x08005281   Thumb Code   210  heap_4.o(i.pvPortMalloc)
    pvTaskIncrementMutexHeldCount            0x08005359   Thumb Code    18  tasks.o(i.pvTaskIncrementMutexHeldCount)
    pxPortInitialiseStack                    0x08005371   Thumb Code    40  port.o(i.pxPortInitialiseStack)
    sys_arch_mbox_fetch                      0x080054a9   Thumb Code    68  sys_arch.o(i.sys_arch_mbox_fetch)
    sys_arch_mbox_tryfetch                   0x080054ed   Thumb Code    34  sys_arch.o(i.sys_arch_mbox_tryfetch)
    sys_arch_protect                         0x08005511   Thumb Code    18  sys_arch.o(i.sys_arch_protect)
    sys_arch_sem_wait                        0x08005529   Thumb Code    56  sys_arch.o(i.sys_arch_sem_wait)
    sys_arch_unprotect                       0x08005561   Thumb Code     8  sys_arch.o(i.sys_arch_unprotect)
    sys_init                                 0x080055c5   Thumb Code    14  sys_arch.o(i.sys_init)
    sys_mbox_free                            0x080055dd   Thumb Code    20  sys_arch.o(i.sys_mbox_free)
    sys_mbox_new                             0x080055f1   Thumb Code    34  sys_arch.o(i.sys_mbox_new)
    sys_mbox_set_invalid                     0x08005619   Thumb Code     6  sys_arch.o(i.sys_mbox_set_invalid)
    sys_mbox_trypost                         0x0800561f   Thumb Code    20  sys_arch.o(i.sys_mbox_trypost)
    sys_mbox_valid                           0x08005633   Thumb Code    10  sys_arch.o(i.sys_mbox_valid)
    sys_mutex_lock                           0x0800563d   Thumb Code    10  sys_arch.o(i.sys_mutex_lock)
    sys_mutex_new                            0x08005647   Thumb Code    28  sys_arch.o(i.sys_mutex_new)
    sys_mutex_unlock                         0x08005663   Thumb Code     6  sys_arch.o(i.sys_mutex_unlock)
    sys_now                                  0x08005669   Thumb Code     4  ethernetif.o(i.sys_now)
    sys_sem_free                             0x0800566d   Thumb Code     6  sys_arch.o(i.sys_sem_free)
    sys_sem_new                              0x08005673   Thumb Code    42  sys_arch.o(i.sys_sem_new)
    sys_sem_set_invalid                      0x0800569d   Thumb Code     6  sys_arch.o(i.sys_sem_set_invalid)
    sys_sem_signal                           0x080056a3   Thumb Code     6  sys_arch.o(i.sys_sem_signal)
    sys_sem_valid                            0x080056a9   Thumb Code    10  sys_arch.o(i.sys_sem_valid)
    sys_thread_new                           0x080056b3   Thumb Code    48  sys_arch.o(i.sys_thread_new)
    sys_timeout                              0x080056e5   Thumb Code   140  timeouts.o(i.sys_timeout)
    sys_timeouts_init                        0x08005775   Thumb Code    38  timeouts.o(i.sys_timeouts_init)
    sys_timeouts_mbox_fetch                  0x080057a9   Thumb Code    66  timeouts.o(i.sys_timeouts_mbox_fetch)
    tcp_abandon                              0x080057f1   Thumb Code   198  tcp.o(i.tcp_abandon)
    tcp_abort                                0x080058bd   Thumb Code     6  tcp.o(i.tcp_abort)
    tcp_accept                               0x080058c3   Thumb Code    14  tcp.o(i.tcp_accept)
    tcp_alloc                                0x080058d1   Thumb Code   248  tcp.o(i.tcp_alloc)
    tcp_arg                                  0x080059d5   Thumb Code     8  tcp.o(i.tcp_arg)
    tcp_bind                                 0x080059dd   Thumb Code   134  tcp.o(i.tcp_bind)
    tcp_close                                0x08005a71   Thumb Code    20  tcp.o(i.tcp_close)
    tcp_connect                              0x08005be9   Thumb Code   234  tcp.o(i.tcp_connect)
    tcp_eff_send_mss_impl                    0x08005d71   Thumb Code    34  tcp.o(i.tcp_eff_send_mss_impl)
    tcp_enqueue_flags                        0x08005d93   Thumb Code   144  tcp_out.o(i.tcp_enqueue_flags)
    tcp_err                                  0x08005e23   Thumb Code    10  tcp.o(i.tcp_err)
    tcp_fasttmr                              0x08005e2d   Thumb Code    84  tcp.o(i.tcp_fasttmr)
    tcp_init                                 0x08005eb5   Thumb Code     2  tcp.o(i.tcp_init)
    tcp_input                                0x08005eb9   Thumb Code   852  tcp_in.o(i.tcp_input)
    tcp_keepalive                            0x08006225   Thumb Code    82  tcp_out.o(i.tcp_keepalive)
    tcp_netif_ip_addr_changed                0x080063a1   Thumb Code    72  tcp.o(i.tcp_netif_ip_addr_changed)
    tcp_new                                  0x0800640f   Thumb Code     6  tcp.o(i.tcp_new)
    tcp_next_iss                             0x08006471   Thumb Code    12  tcp.o(i.tcp_next_iss)
    tcp_output                               0x08006481   Thumb Code   452  tcp_out.o(i.tcp_output)
    tcp_pcb_purge                            0x0800681f   Thumb Code    58  tcp.o(i.tcp_pcb_purge)
    tcp_pcb_remove                           0x08006859   Thumb Code    80  tcp.o(i.tcp_pcb_remove)
    tcp_poll                                 0x080068a9   Thumb Code     8  tcp.o(i.tcp_poll)
    tcp_process_refused_data                 0x08006c21   Thumb Code   106  tcp.o(i.tcp_process_refused_data)
    tcp_recv                                 0x0800706d   Thumb Code     8  tcp.o(i.tcp_recv)
    tcp_recv_null                            0x08007075   Thumb Code    36  tcp.o(i.tcp_recv_null)
    tcp_recved                               0x08007099   Thumb Code    68  tcp.o(i.tcp_recved)
    tcp_rexmit                               0x080070dd   Thumb Code    82  tcp_out.o(i.tcp_rexmit)
    tcp_rexmit_fast                          0x0800712f   Thumb Code    92  tcp_out.o(i.tcp_rexmit_fast)
    tcp_rexmit_rto                           0x0800718b   Thumb Code    46  tcp_out.o(i.tcp_rexmit_rto)
    tcp_rst                                  0x080071b9   Thumb Code   128  tcp_out.o(i.tcp_rst)
    tcp_seg_free                             0x08007239   Thumb Code    28  tcp.o(i.tcp_seg_free)
    tcp_segs_free                            0x08007255   Thumb Code    18  tcp.o(i.tcp_segs_free)
    tcp_send_empty_ack                       0x08007267   Thumb Code   114  tcp_out.o(i.tcp_send_empty_ack)
    tcp_send_fin                             0x080072d9   Thumb Code    68  tcp_out.o(i.tcp_send_fin)
    tcp_sent                                 0x0800731d   Thumb Code     8  tcp.o(i.tcp_sent)
    tcp_shutdown                             0x08007325   Thumb Code    78  tcp.o(i.tcp_shutdown)
    tcp_slowtmr                              0x08007375   Thumb Code   592  tcp.o(i.tcp_slowtmr)
    tcp_timer_needed                         0x080075d5   Thumb Code    36  timeouts.o(i.tcp_timer_needed)
    tcp_tmr                                  0x08007671   Thumb Code    28  tcp.o(i.tcp_tmr)
    tcp_trigger_input_pcb_close              0x08007691   Thumb Code    12  tcp_in.o(i.tcp_trigger_input_pcb_close)
    tcp_update_rcv_ann_wnd                   0x080076a1   Thumb Code    52  tcp.o(i.tcp_update_rcv_ann_wnd)
    tcp_write                                0x080076d5   Thumb Code   752  tcp_out.o(i.tcp_write)
    tcp_zero_window_probe                    0x080079c5   Thumb Code   180  tcp_out.o(i.tcp_zero_window_probe)
    tcpip_init                               0x08007b5d   Thumb Code    52  tcpip.o(i.tcpip_init)
    tcpip_inpkt                              0x08007ba9   Thumb Code    68  tcpip.o(i.tcpip_inpkt)
    tcpip_input                              0x08007bf1   Thumb Code    20  tcpip.o(i.tcpip_input)
    tcpip_send_msg_wait_sem                  0x08007c0d   Thumb Code    26  tcpip.o(i.tcpip_send_msg_wait_sem)
    uxListRemove                             0x08007cd1   Thumb Code    36  list.o(i.uxListRemove)
    uxQueueMessagesWaiting                   0x08007cf5   Thumb Code    36  queue.o(i.uxQueueMessagesWaiting)
    uxQueueMessagesWaitingFromISR            0x08007d19   Thumb Code    22  queue.o(i.uxQueueMessagesWaitingFromISR)
    vListInitialise                          0x08007d2f   Thumb Code    22  list.o(i.vListInitialise)
    vListInitialiseItem                      0x08007d45   Thumb Code     6  list.o(i.vListInitialiseItem)
    vListInsert                              0x08007d4b   Thumb Code    48  list.o(i.vListInsert)
    vListInsertEnd                           0x08007d7b   Thumb Code    24  list.o(i.vListInsertEnd)
    vPortEnterCritical                       0x08007d95   Thumb Code    54  port.o(i.vPortEnterCritical)
    vPortExitCritical                        0x08007dd5   Thumb Code    34  port.o(i.vPortExitCritical)
    vPortFree                                0x08007dfd   Thumb Code    88  heap_4.o(i.vPortFree)
    vPortSetupTimerInterrupt                 0x08007e59   Thumb Code    26  port.o(i.vPortSetupTimerInterrupt)
    vPortValidateInterruptPriority           0x08007e79   Thumb Code    74  port.o(i.vPortValidateInterruptPriority)
    vQueueDelete                             0x08007ecd   Thumb Code    36  queue.o(i.vQueueDelete)
    vQueueUnregisterQueue                    0x08007ef1   Thumb Code    36  queue.o(i.vQueueUnregisterQueue)
    vTaskDelay                               0x08007f19   Thumb Code    66  tasks.o(i.vTaskDelay)
    vTaskMissedYield                         0x08007f65   Thumb Code     8  tasks.o(i.vTaskMissedYield)
    vTaskPlaceOnEventList                    0x08007f71   Thumb Code    44  tasks.o(i.vTaskPlaceOnEventList)
    vTaskPriorityInherit                     0x08007fa1   Thumb Code   124  tasks.o(i.vTaskPriorityInherit)
    vTaskSetTimeOutState                     0x08008025   Thumb Code    30  tasks.o(i.vTaskSetTimeOutState)
    vTaskStartScheduler                      0x08008049   Thumb Code    86  tasks.o(i.vTaskStartScheduler)
    vTaskSuspendAll                          0x080080b1   Thumb Code    10  tasks.o(i.vTaskSuspendAll)
    vTaskSwitchContext                       0x080080c1   Thumb Code    82  tasks.o(i.vTaskSwitchContext)
    xPortStartScheduler                      0x0800811d   Thumb Code   202  port.o(i.xPortStartScheduler)
    xPortSysTickHandler                      0x080081fd   Thumb Code    38  port.o(i.xPortSysTickHandler)
    xQueueCreateMutex                        0x08008229   Thumb Code    36  queue.o(i.xQueueCreateMutex)
    xQueueGenericCreate                      0x0800824d   Thumb Code    82  queue.o(i.xQueueGenericCreate)
    xQueueGenericReceive                     0x080082a1   Thumb Code   360  queue.o(i.xQueueGenericReceive)
    xQueueGenericReset                       0x0800840d   Thumb Code   132  queue.o(i.xQueueGenericReset)
    xQueueGenericSend                        0x08008495   Thumb Code   346  queue.o(i.xQueueGenericSend)
    xQueueGenericSendFromISR                 0x080085f5   Thumb Code   188  queue.o(i.xQueueGenericSendFromISR)
    xQueueGiveFromISR                        0x080086b1   Thumb Code   156  queue.o(i.xQueueGiveFromISR)
    xQueueReceiveFromISR                     0x0800874d   Thumb Code   154  queue.o(i.xQueueReceiveFromISR)
    xTaskCheckForTimeOut                     0x080087e9   Thumb Code   102  tasks.o(i.xTaskCheckForTimeOut)
    xTaskCreate                              0x08008855   Thumb Code    86  tasks.o(i.xTaskCreate)
    xTaskGetSchedulerState                   0x080088ad   Thumb Code    22  tasks.o(i.xTaskGetSchedulerState)
    xTaskGetTickCount                        0x080088c9   Thumb Code     6  tasks.o(i.xTaskGetTickCount)
    xTaskGetTickCountFromISR                 0x080088d5   Thumb Code    12  tasks.o(i.xTaskGetTickCountFromISR)
    xTaskIncrementTick                       0x080088e5   Thumb Code   192  tasks.o(i.xTaskIncrementTick)
    xTaskPriorityDisinherit                  0x080089ad   Thumb Code   144  tasks.o(i.xTaskPriorityDisinherit)
    xTaskRemoveFromEventList                 0x08008a45   Thumb Code   108  tasks.o(i.xTaskRemoveFromEventList)
    xTaskResumeAll                           0x08008ab9   Thumb Code   182  tasks.o(i.xTaskResumeAll)
    os_mutex_def_lwip_sys_mutex              0x08008b7c   Data           4  sys_arch.o(.constdata)
    ethbroadcast                             0x08008b88   Data           6  ethernet.o(.constdata)
    ethzero                                  0x08008b8e   Data           6  ethernet.o(.constdata)
    lwip_cyclic_timers                       0x08008b94   Data          24  timeouts.o(.constdata)
    memp_TCP_PCB                             0x08008bac   Data          12  memp.o(.constdata)
    memp_TCP_PCB_LISTEN                      0x08008bb8   Data          12  memp.o(.constdata)
    memp_TCP_SEG                             0x08008bc4   Data          12  memp.o(.constdata)
    memp_REASSDATA                           0x08008bd0   Data          12  memp.o(.constdata)
    memp_FRAG_PBUF                           0x08008bdc   Data          12  memp.o(.constdata)
    memp_NETBUF                              0x08008be8   Data          12  memp.o(.constdata)
    memp_NETCONN                             0x08008bf4   Data          12  memp.o(.constdata)
    memp_TCPIP_MSG_API                       0x08008c00   Data          12  memp.o(.constdata)
    memp_TCPIP_MSG_INPKT                     0x08008c0c   Data          12  memp.o(.constdata)
    memp_SYS_TIMEOUT                         0x08008c18   Data          12  memp.o(.constdata)
    memp_PBUF                                0x08008c24   Data          12  memp.o(.constdata)
    memp_PBUF_POOL                           0x08008c30   Data          12  memp.o(.constdata)
    memp_pools                               0x08008c3c   Data          48  memp.o(.constdata)
    tcp_pcb_lists                            0x08008cb0   Data          16  tcp.o(.constdata)
    ip_addr_any                              0x08008cc0   Data           4  ip4_addr.o(.constdata)
    AHBPrescTable                            0x08008cc4   Data          16  system_stm32f4xx.o(.constdata)
    APBPrescTable                            0x08008cd4   Data           8  system_stm32f4xx.o(.constdata)
    Region$$Table$$Base                      0x08008dac   Number         0  anon$$obj.o(Region$$Table)
    Region$$Table$$Limit                     0x08008dcc   Number         0  anon$$obj.o(Region$$Table)
    pxCurrentTCB                             0x20000018   Data           4  tasks.o(.data)
    tcp_input_pcb                            0x20000080   Data           4  tcp_in.o(.data)
    lock_tcpip_core                          0x20000090   Data           4  tcpip.o(.data)
    lwip_sys_mutex                           0x20000098   Data           4  sys_arch.o(.data)
    netconn_aborted                          0x2000009c   Data           1  api_msg.o(.data)
    netif_list                               0x200000a4   Data           4  netif.o(.data)
    netif_default                            0x200000a8   Data           4  netif.o(.data)
    tcp_active_pcbs_changed                  0x20000104   Data           1  tcp.o(.data)
    tcp_ticks                                0x20000110   Data           4  tcp.o(.data)
    tcp_bound_pcbs                           0x20000114   Data           4  tcp.o(.data)
    tcp_listen_pcbs                          0x20000118   Data           4  tcp.o(.data)
    tcp_active_pcbs                          0x2000011c   Data           4  tcp.o(.data)
    tcp_tw_pcbs                              0x20000120   Data           4  tcp.o(.data)
    uwTick                                   0x20000124   Data           4  stm32f4xx_hal.o(.data)
    SystemCoreClock                          0x20000128   Data           4  system_stm32f4xx.o(.data)
    Netif_LinkSemaphore                      0x2000012c   Data           4  lwip.o(.data)
    ipaddr                                   0x20000130   Data           4  lwip.o(.data)
    netmask                                  0x20000134   Data           4  lwip.o(.data)
    gw                                       0x20000138   Data           4  lwip.o(.data)
    IP_ADDRESS                               0x2000013c   Data           4  lwip.o(.data)
    NETMASK_ADDRESS                          0x20000140   Data           4  lwip.o(.data)
    GATEWAY_ADDRESS                          0x20000144   Data           4  lwip.o(.data)
    link_arg                                 0x20000148   Data           8  lwip.o(.data)
    defaultTaskHandle                        0x20000150   Data           4  main.o(.data)
    s_xSemaphore                             0x20000154   Data           4  ethernetif.o(.data)
    __stdout                                 0x20000158   Data           4  stdout.o(.data)
    xQueueRegistry                           0x20003d5c   Data          64  queue.o(.bss)
    memp_memory_TCP_PCB_base                 0x20003f8c   Data         743  memp.o(.bss)
    memp_memory_TCP_PCB_LISTEN_base          0x20004273   Data         227  memp.o(.bss)
    memp_memory_TCP_SEG_base                 0x20004356   Data         259  memp.o(.bss)
    memp_memory_REASSDATA_base               0x20004459   Data         163  memp.o(.bss)
    memp_memory_FRAG_PBUF_base               0x200044fc   Data         363  memp.o(.bss)
    memp_memory_NETBUF_base                  0x20004667   Data          35  memp.o(.bss)
    memp_memory_NETCONN_base                 0x2000468a   Data         163  memp.o(.bss)
    memp_memory_TCPIP_MSG_API_base           0x2000472d   Data         131  memp.o(.bss)
    memp_memory_TCPIP_MSG_INPKT_base         0x200047b0   Data         131  memp.o(.bss)
    memp_memory_SYS_TIMEOUT_base             0x20004833   Data          51  memp.o(.bss)
    memp_memory_PBUF_base                    0x20004866   Data         259  memp.o(.bss)
    memp_memory_PBUF_POOL_base               0x20004969   Data       25859  memp.o(.bss)
    ram_heap                                 0x2000ae6c   Data       20019  mem.o(.bss)
    ip_data                                  0x2000fca0   Data          24  ip.o(.bss)
    gnetif                                   0x2000fcb8   Data          52  lwip.o(.bss)
    huart1                                   0x2000fcec   Data          64  main.o(.bss)
    DMARxDscrTab                             0x2000fd2c   Data         128  ethernetif.o(.bss)
    DMATxDscrTab                             0x2000fdac   Data         128  ethernetif.o(.bss)
    Rx_Buff                                  0x2000fe2c   Data        6096  ethernetif.o(.bss)
    Tx_Buff                                  0x200115fc   Data        6096  ethernetif.o(.bss)
    heth                                     0x20012dcc   Data          72  ethernetif.o(.bss)
    htim3                                    0x20012e14   Data          60  stm32f4xx_hal_timebase_tim.o(.bss)
    __initial_sp                             0x20013250   Data           0  startup_stm32f407xx.o(STACK)



==============================================================================

Memory Map of the image

  Image Entry point : 0x08000189

  Load Region LR_IROM1 (Base: 0x08000000, Size: 0x00008f28, Max: 0x00100000, ABSOLUTE, COMPRESSED[0x00008de0])

    Execution Region ER_IROM1 (Base: 0x08000000, Size: 0x00008dcc, Max: 0x00100000, ABSOLUTE)

    Base Addr    Size         Type   Attr      Idx    E Section Name        Object

    0x08000000   0x00000188   Data   RO         6986    RESET               startup_stm32f407xx.o
    0x08000188   0x00000000   Code   RO         7503  * .ARM.Collect$$$$00000000  mc_w.l(entry.o)
    0x08000188   0x00000004   Code   RO         7778    .ARM.Collect$$$$00000001  mc_w.l(entry2.o)
    0x0800018c   0x00000004   Code   RO         7781    .ARM.Collect$$$$00000004  mc_w.l(entry5.o)
    0x08000190   0x00000000   Code   RO         7783    .ARM.Collect$$$$00000008  mc_w.l(entry7b.o)
    0x08000190   0x00000000   Code   RO         7785    .ARM.Collect$$$$0000000A  mc_w.l(entry8b.o)
    0x08000190   0x00000008   Code   RO         7786    .ARM.Collect$$$$0000000B  mc_w.l(entry9a.o)
    0x08000198   0x00000000   Code   RO         7788    .ARM.Collect$$$$0000000D  mc_w.l(entry10a.o)
    0x08000198   0x00000000   Code   RO         7790    .ARM.Collect$$$$0000000F  mc_w.l(entry11a.o)
    0x08000198   0x00000004   Code   RO         7779    .ARM.Collect$$$$00002712  mc_w.l(entry2.o)
    0x0800019c   0x000000ba   Code   RO         1110    .emb_text           port.o
    0x08000256   0x00000002   PAD
    0x08000258   0x00000024   Code   RO         6987    .text               startup_stm32f407xx.o
    0x0800027c   0x00000024   Code   RO         7506    .text               mc_w.l(memcpya.o)
    0x080002a0   0x00000024   Code   RO         7508    .text               mc_w.l(memseta.o)
    0x080002c4   0x0000001a   Code   RO         7512    .text               mc_w.l(memcmp.o)
    0x080002de   0x00000002   PAD
    0x080002e0   0x00000024   Code   RO         7808    .text               mc_w.l(init.o)
    0x08000304   0x0000003a   Code   RO         7826    .text               mc_w.l(__dczerorl.o)
    0x0800033e   0x00000002   Code   RO         7283    i.BusFault_Handler  stm32f4xx_it.o
    0x08000340   0x00000002   Code   RO         7284    i.DebugMon_Handler  stm32f4xx_it.o
    0x08000342   0x00000002   PAD
    0x08000344   0x00000020   Code   RO         4585    i.ETH_Delay         stm32f4xx_hal_eth.o
    0x08000364   0x0000002e   Code   RO         4586    i.ETH_FlushTransmitFIFO  stm32f4xx_hal_eth.o
    0x08000392   0x00000002   PAD
    0x08000394   0x0000000c   Code   RO         7285    i.ETH_IRQHandler    stm32f4xx_it.o
    0x080003a0   0x00000124   Code   RO         4587    i.ETH_MACDMAConfig  stm32f4xx_hal_eth.o
    0x080004c4   0x0000000c   Code   RO         7286    i.ETH_WKUP_IRQHandler  stm32f4xx_it.o
    0x080004d0   0x0000001c   Code   RO         5291    i.HAL_Delay         stm32f4xx_hal.o
    0x080004ec   0x00000130   Code   RO         4589    i.HAL_ETH_ConfigMAC  stm32f4xx_hal_eth.o
    0x0800061c   0x00000074   Code   RO         4590    i.HAL_ETH_DMARxDescListInit  stm32f4xx_hal_eth.o
    0x08000690   0x00000078   Code   RO         4591    i.HAL_ETH_DMATxDescListInit  stm32f4xx_hal_eth.o
    0x08000708   0x00000002   Code   RO         4593    i.HAL_ETH_ErrorCallback  stm32f4xx_hal_eth.o
    0x0800070a   0x00000088   Code   RO         4595    i.HAL_ETH_GetReceivedFrame_IT  stm32f4xx_hal_eth.o
    0x08000792   0x0000007a   Code   RO         4597    i.HAL_ETH_IRQHandler  stm32f4xx_hal_eth.o
    0x0800080c   0x000001ec   Code   RO         4598    i.HAL_ETH_Init      stm32f4xx_hal_eth.o
    0x080009f8   0x000000bc   Code   RO         7182    i.HAL_ETH_MspInit   ethernetif.o
    0x08000ab4   0x00000084   Code   RO         4601    i.HAL_ETH_ReadPHYRegister  stm32f4xx_hal_eth.o
    0x08000b38   0x0000000c   Code   RO         7183    i.HAL_ETH_RxCpltCallback  ethernetif.o
    0x08000b44   0x00000084   Code   RO         4603    i.HAL_ETH_Start     stm32f4xx_hal_eth.o
    0x08000bc8   0x00000084   Code   RO         4604    i.HAL_ETH_Stop      stm32f4xx_hal_eth.o
    0x08000c4c   0x00000108   Code   RO         4605    i.HAL_ETH_TransmitFrame  stm32f4xx_hal_eth.o
    0x08000d54   0x00000002   Code   RO         4606    i.HAL_ETH_TxCpltCallback  stm32f4xx_hal_eth.o
    0x08000d56   0x00000002   PAD
    0x08000d58   0x00000078   Code   RO         4607    i.HAL_ETH_WritePHYRegister  stm32f4xx_hal_eth.o
    0x08000dd0   0x000001b0   Code   RO         5120    i.HAL_GPIO_Init     stm32f4xx_hal_gpio.o
    0x08000f80   0x0000000a   Code   RO         5124    i.HAL_GPIO_WritePin  stm32f4xx_hal_gpio.o
    0x08000f8a   0x00000002   PAD
    0x08000f8c   0x0000000c   Code   RO         5297    i.HAL_GetTick       stm32f4xx_hal.o
    0x08000f98   0x00000010   Code   RO         5299    i.HAL_IncTick       stm32f4xx_hal.o
    0x08000fa8   0x00000034   Code   RO         5300    i.HAL_Init          stm32f4xx_hal.o
    0x08000fdc   0x00000074   Code   RO         7365    i.HAL_InitTick      stm32f4xx_hal_timebase_tim.o
    0x08001050   0x00000058   Code   RO         7000    i.HAL_MspInit       stm32f4xx_hal_msp.o
    0x080010a8   0x00000016   Code   RO         4969    i.HAL_NVIC_EnableIRQ  stm32f4xx_hal_cortex.o
    0x080010be   0x00000002   PAD
    0x080010c0   0x00000040   Code   RO         4975    i.HAL_NVIC_SetPriority  stm32f4xx_hal_cortex.o
    0x08001100   0x00000024   Code   RO         4976    i.HAL_NVIC_SetPriorityGrouping  stm32f4xx_hal_cortex.o
    0x08001124   0x0000017c   Code   RO         6362    i.HAL_RCC_ClockConfig  stm32f4xx_hal_rcc.o
    0x080012a0   0x00000040   Code   RO         6366    i.HAL_RCC_GetClockConfig  stm32f4xx_hal_rcc.o
    0x080012e0   0x0000000c   Code   RO         6367    i.HAL_RCC_GetHCLKFreq  stm32f4xx_hal_rcc.o
    0x080012ec   0x00000030   Code   RO         6369    i.HAL_RCC_GetPCLK1Freq  stm32f4xx_hal_rcc.o
    0x0800131c   0x00000030   Code   RO         6370    i.HAL_RCC_GetPCLK2Freq  stm32f4xx_hal_rcc.o
    0x0800134c   0x00000070   Code   RO         6371    i.HAL_RCC_GetSysClockFreq  stm32f4xx_hal_rcc.o
    0x080013bc   0x00000314   Code   RO         6374    i.HAL_RCC_OscConfig  stm32f4xx_hal_rcc.o
    0x080016d0   0x00000018   Code   RO         4978    i.HAL_SYSTICK_CLKSourceConfig  stm32f4xx_hal_cortex.o
    0x080016e8   0x00000028   Code   RO         4980    i.HAL_SYSTICK_Config  stm32f4xx_hal_cortex.o
    0x08001710   0x00000002   Code   RO         5491    i.HAL_TIMEx_BreakCallback  stm32f4xx_hal_tim_ex.o
    0x08001712   0x00000002   Code   RO         5492    i.HAL_TIMEx_CommutationCallback  stm32f4xx_hal_tim_ex.o
    0x08001714   0x00000036   Code   RO         5732    i.HAL_TIM_Base_Init  stm32f4xx_hal_tim.o
    0x0800174a   0x00000002   Code   RO         5734    i.HAL_TIM_Base_MspInit  stm32f4xx_hal_tim.o
    0x0800174c   0x00000018   Code   RO         5737    i.HAL_TIM_Base_Start_IT  stm32f4xx_hal_tim.o
    0x08001764   0x00000002   Code   RO         5761    i.HAL_TIM_IC_CaptureCallback  stm32f4xx_hal_tim.o
    0x08001766   0x00000166   Code   RO         5774    i.HAL_TIM_IRQHandler  stm32f4xx_hal_tim.o
    0x080018cc   0x00000002   Code   RO         5777    i.HAL_TIM_OC_DelayElapsedCallback  stm32f4xx_hal_tim.o
    0x080018ce   0x00000002   Code   RO         5804    i.HAL_TIM_PWM_PulseFinishedCallback  stm32f4xx_hal_tim.o
    0x080018d0   0x00000014   Code   RO         7095    i.HAL_TIM_PeriodElapsedCallback  main.o
    0x080018e4   0x00000002   Code   RO         5815    i.HAL_TIM_TriggerCallback  stm32f4xx_hal_tim.o
    0x080018e6   0x00000062   Code   RO         6648    i.HAL_UART_Init     stm32f4xx_hal_uart.o
    0x08001948   0x0000004c   Code   RO         7002    i.HAL_UART_MspInit  stm32f4xx_hal_msp.o
    0x08001994   0x000000ba   Code   RO         6656    i.HAL_UART_Transmit  stm32f4xx_hal_uart.o
    0x08001a4e   0x00000002   Code   RO         7287    i.HardFault_Handler  stm32f4xx_it.o
    0x08001a50   0x00000074   Code   RO         7096    i.MX_GPIO_Init      main.o
    0x08001ac4   0x00000108   Code   RO         7036    i.MX_LWIP_Init      lwip.o
    0x08001bcc   0x00000002   Code   RO         7288    i.MemManage_Handler  stm32f4xx_it.o
    0x08001bce   0x00000002   Code   RO         7289    i.NMI_Handler       stm32f4xx_it.o
    0x08001bd0   0x00000020   Code   RO         4982    i.NVIC_SetPriority  stm32f4xx_hal_cortex.o
    0x08001bf0   0x0000000c   Code   RO         7097    i.StartDefaultTask  main.o
    0x08001bfc   0x00000004   Code   RO         7290    i.SysTick_Handler   stm32f4xx_it.o
    0x08001c00   0x0000009c   Code   RO         7098    i.SystemClock_Config  main.o
    0x08001c9c   0x00000054   Code   RO         6950    i.SystemInit        system_stm32f4xx.o
    0x08001cf0   0x0000000c   Code   RO         7291    i.TIM3_IRQHandler   stm32f4xx_it.o
    0x08001cfc   0x000000c0   Code   RO         5816    i.TIM_Base_SetConfig  stm32f4xx_hal_tim.o
    0x08001dbc   0x000002ac   Code   RO         6674    i.UART_SetConfig    stm32f4xx_hal_uart.o
    0x08002068   0x00000064   Code   RO         6676    i.UART_WaitOnFlagUntilTimeout  stm32f4xx_hal_uart.o
    0x080020cc   0x00000002   Code   RO         7292    i.UsageFault_Handler  stm32f4xx_it.o
    0x080020ce   0x00000002   PAD
    0x080020d0   0x00000010   Code   RO         7519    i.__0printf$bare    mc_w.l(printfb.o)
    0x080020e0   0x0000000e   Code   RO         7820    i.__scatterload_copy  mc_w.l(handlers.o)
    0x080020ee   0x00000002   Code   RO         7821    i.__scatterload_null  mc_w.l(handlers.o)
    0x080020f0   0x0000000e   Code   RO         7822    i.__scatterload_zeroinit  mc_w.l(handlers.o)
    0x080020fe   0x00000022   Code   RO         7526    i._printf_core      mc_w.l(printfb.o)
    0x08002120   0x0000001c   Code   RO         3216    i.cyclic_timer      timeouts.o
    0x0800213c   0x0000001c   Code   RO         3572    i.do_memp_free_pool  memp.o
    0x08002158   0x00000022   Code   RO         3573    i.do_memp_malloc_pool  memp.o
    0x0800217a   0x000000d2   Code   RO         2327    i.err_tcp           api_msg.o
    0x0800224c   0x00000030   Code   RO         2770    i.etharp_cleanup_netif  etharp.o
    0x0800227c   0x000000dc   Code   RO         2772    i.etharp_find_entry  etharp.o
    0x08002358   0x00000024   Code   RO         2773    i.etharp_free_entry  etharp.o
    0x0800237c   0x000000a0   Code   RO         2775    i.etharp_input      etharp.o
    0x0800241c   0x000000ec   Code   RO         2776    i.etharp_output     etharp.o
    0x08002508   0x00000060   Code   RO         2777    i.etharp_output_to_arp_index  etharp.o
    0x08002568   0x000000f0   Code   RO         2778    i.etharp_query      etharp.o
    0x08002658   0x00000088   Code   RO         2779    i.etharp_raw        etharp.o
    0x080026e0   0x0000000c   Code   RO         2780    i.etharp_request    etharp.o
    0x080026ec   0x00000020   Code   RO         2781    i.etharp_request_dst  etharp.o
    0x0800270c   0x00000060   Code   RO         2782    i.etharp_tmr        etharp.o
    0x0800276c   0x00000080   Code   RO         2783    i.etharp_update_arp_entry  etharp.o
    0x080027ec   0x000000a0   Code   RO         2715    i.ethernet_input    ethernet.o
    0x0800288c   0x0000004a   Code   RO         2716    i.ethernet_output   ethernet.o
    0x080028d6   0x00000002   PAD
    0x080028d8   0x00000028   Code   RO         7184    i.ethernetif_init   ethernetif.o
    0x08002900   0x00000034   Code   RO         7185    i.ethernetif_input  ethernetif.o
    0x08002934   0x00000002   Code   RO         7186    i.ethernetif_notify_conn_changed  ethernetif.o
    0x08002936   0x00000002   PAD
    0x08002938   0x00000048   Code   RO         7187    i.ethernetif_set_link  ethernetif.o
    0x08002980   0x000000b0   Code   RO         7188    i.ethernetif_update_config  ethernetif.o
    0x08002a30   0x00000018   Code   RO         7099    i.fputc             main.o
    0x08002a48   0x00000008   Code   RO         3459    i.icmp_dest_unreach  icmp.o
    0x08002a50   0x000000f4   Code   RO         3460    i.icmp_input        icmp.o
    0x08002b44   0x0000006c   Code   RO         3461    i.icmp_send_response  icmp.o
    0x08002bb0   0x00000008   Code   RO         3462    i.icmp_time_exceeded  icmp.o
    0x08002bb8   0x0000000c   Code   RO          312    i.inHandlerMode     cmsis_os.o
    0x08002bc4   0x0000002e   Code   RO         4519    i.ip4_addr_isbroadcast_u32  ip4_addr.o
    0x08002bf2   0x00000002   PAD
    0x08002bf4   0x0000015c   Code   RO         3355    i.ip4_frag          ip4_frag.o
    0x08002d50   0x00000190   Code   RO         2041    i.ip4_input         ip4.o
    0x08002ee0   0x0000001e   Code   RO         2043    i.ip4_output_if     ip4.o
    0x08002efe   0x00000002   PAD
    0x08002f00   0x000000a8   Code   RO         2044    i.ip4_output_if_src  ip4.o
    0x08002fa8   0x00000190   Code   RO         3356    i.ip4_reass         ip4_frag.o
    0x08003138   0x0000005c   Code   RO         2045    i.ip4_route         ip4.o
    0x08003194   0x00000008   Code   RO         3357    i.ip_frag_free_pbuf_custom_ref  ip4_frag.o
    0x0800319c   0x000000ec   Code   RO         3358    i.ip_reass_chain_frag_into_datagram_and_validate  ip4_frag.o
    0x08003288   0x00000024   Code   RO         3359    i.ip_reass_dequeue_datagram  ip4_frag.o
    0x080032ac   0x00000070   Code   RO         3360    i.ip_reass_free_complete_datagram  ip4_frag.o
    0x0800331c   0x00000080   Code   RO         3361    i.ip_reass_remove_oldest_datagram  ip4_frag.o
    0x0800339c   0x0000002c   Code   RO         3362    i.ip_reass_tmr      ip4_frag.o
    0x080033c8   0x00000016   Code   RO         3363    i.ipfrag_free_pbuf_custom  ip4_frag.o
    0x080033de   0x00000002   PAD
    0x080033e0   0x0000011c   Code   RO         7189    i.low_level_init    ethernetif.o
    0x080034fc   0x000000bc   Code   RO         7190    i.low_level_input   ethernetif.o
    0x080035b8   0x000000a8   Code   RO         7191    i.low_level_output  ethernetif.o
    0x08003660   0x00000004   Code   RO         4208    i.lwip_htonl        def.o
    0x08003664   0x00000004   Code   RO         4209    i.lwip_htons        def.o
    0x08003668   0x0000001e   Code   RO         3751    i.lwip_init         init.o
    0x08003686   0x00000056   Code   RO         2328    i.lwip_netconn_do_bind  api_msg.o
    0x080036dc   0x00000098   Code   RO         2329    i.lwip_netconn_do_close  api_msg.o
    0x08003774   0x0000015c   Code   RO         2330    i.lwip_netconn_do_close_internal  api_msg.o
    0x080038d0   0x000000b0   Code   RO         2331    i.lwip_netconn_do_connect  api_msg.o
    0x08003980   0x00000072   Code   RO         2332    i.lwip_netconn_do_connected  api_msg.o
    0x080039f2   0x00000002   PAD
    0x080039f4   0x000000b8   Code   RO         2333    i.lwip_netconn_do_delconn  api_msg.o
    0x08003aac   0x0000005c   Code   RO         2337    i.lwip_netconn_do_newconn  api_msg.o
    0x08003b08   0x00000060   Code   RO         2338    i.lwip_netconn_do_recv  api_msg.o
    0x08003b68   0x00000088   Code   RO         2340    i.lwip_netconn_do_write  api_msg.o
    0x08003bf0   0x00000142   Code   RO         2341    i.lwip_netconn_do_writemore  api_msg.o
    0x08003d32   0x00000002   PAD
    0x08003d34   0x00000060   Code   RO         7100    i.main              main.o
    0x08003d94   0x0000000c   Code   RO          314    i.makeFreeRtosPriority  cmsis_os.o
    0x08003da0   0x00000050   Code   RO         3782    i.mem_free          mem.o
    0x08003df0   0x00000038   Code   RO         3783    i.mem_init          mem.o
    0x08003e28   0x000000d0   Code   RO         3784    i.mem_malloc        mem.o
    0x08003ef8   0x000000e4   Code   RO         3785    i.mem_trim          mem.o
    0x08003fdc   0x00000018   Code   RO         3574    i.memp_free         memp.o
    0x08003ff4   0x00000020   Code   RO         3576    i.memp_init         memp.o
    0x08004014   0x0000002a   Code   RO         3577    i.memp_init_pool    memp.o
    0x0800403e   0x00000002   PAD
    0x08004040   0x00000018   Code   RO         3578    i.memp_malloc       memp.o
    0x08004058   0x00000026   Code   RO         4265    i.netbuf_data       netbuf.o
    0x0800407e   0x00000022   Code   RO         4266    i.netbuf_delete     netbuf.o
    0x080040a0   0x0000001e   Code   RO         4270    i.netbuf_next       netbuf.o
    0x080040be   0x00000066   Code   RO         2342    i.netconn_alloc     api_msg.o
    0x08004124   0x00000016   Code   RO         1554    i.netconn_apimsg    api_lib.o
    0x0800413a   0x00000002   PAD
    0x0800413c   0x00000030   Code   RO         1555    i.netconn_bind      api_lib.o
    0x0800416c   0x00000028   Code   RO         1557    i.netconn_close_shutdown  api_lib.o
    0x08004194   0x00000030   Code   RO         1558    i.netconn_connect   api_lib.o
    0x080041c4   0x0000002c   Code   RO         1559    i.netconn_delete    api_lib.o
    0x080041f0   0x000000a0   Code   RO         2343    i.netconn_drain     api_msg.o
    0x08004290   0x0000002e   Code   RO         2344    i.netconn_free      api_msg.o
    0x080042be   0x00000002   PAD
    0x080042c0   0x00000060   Code   RO         1563    i.netconn_new_with_proto_and_callback  api_lib.o
    0x08004320   0x00000050   Code   RO         1564    i.netconn_recv      api_lib.o
    0x08004370   0x000000bc   Code   RO         1565    i.netconn_recv_data  api_lib.o
    0x0800442c   0x00000064   Code   RO         1570    i.netconn_write_partly  api_lib.o
    0x08004490   0x00000054   Code   RO         2556    i.netif_add         netif.o
    0x080044e4   0x00000002   Code   RO         2558    i.netif_init        netif.o
    0x080044e6   0x0000001a   Code   RO         2560    i.netif_issue_reports  netif.o
    0x08004500   0x00000048   Code   RO         2562    i.netif_set_addr    netif.o
    0x08004548   0x0000000c   Code   RO         2563    i.netif_set_default  netif.o
    0x08004554   0x0000001a   Code   RO         2564    i.netif_set_down    netif.o
    0x0800456e   0x00000008   Code   RO         2565    i.netif_set_gw      netif.o
    0x08004576   0x00000002   PAD
    0x08004578   0x00000038   Code   RO         2566    i.netif_set_ipaddr  netif.o
    0x080045b0   0x00000008   Code   RO         2567    i.netif_set_link_callback  netif.o
    0x080045b8   0x0000001a   Code   RO         2568    i.netif_set_link_down  netif.o
    0x080045d2   0x00000030   Code   RO         2569    i.netif_set_link_up  netif.o
    0x08004602   0x00000008   Code   RO         2570    i.netif_set_netmask  netif.o
    0x0800460a   0x0000001c   Code   RO         2571    i.netif_set_up      netif.o
    0x08004626   0x0000000e   Code   RO          316    i.osDelay           cmsis_os.o
    0x08004634   0x0000000a   Code   RO          319    i.osKernelStart     cmsis_os.o
    0x0800463e   0x00000018   Code   RO          320    i.osKernelSysTick   cmsis_os.o
    0x08004656   0x00000008   Code   RO          328    i.osMessageCreate   cmsis_os.o
    0x0800465e   0x00000018   Code   RO          329    i.osMessageDelete   cmsis_os.o
    0x08004676   0x00000002   PAD
    0x08004678   0x00000098   Code   RO          330    i.osMessageGet      cmsis_os.o
    0x08004710   0x0000005c   Code   RO          332    i.osMessagePut      cmsis_os.o
    0x0800476c   0x0000001e   Code   RO          333    i.osMessageWaiting  cmsis_os.o
    0x0800478a   0x00000006   Code   RO          334    i.osMutexCreate     cmsis_os.o
    0x08004790   0x00000050   Code   RO          336    i.osMutexRelease    cmsis_os.o
    0x080047e0   0x00000068   Code   RO          337    i.osMutexWait       cmsis_os.o
    0x08004848   0x00000026   Code   RO          345    i.osSemaphoreCreate  cmsis_os.o
    0x0800486e   0x00000018   Code   RO          346    i.osSemaphoreDelete  cmsis_os.o
    0x08004886   0x00000002   PAD
    0x08004888   0x00000050   Code   RO          348    i.osSemaphoreRelease  cmsis_os.o
    0x080048d8   0x00000068   Code   RO          349    i.osSemaphoreWait   cmsis_os.o
    0x08004940   0x00000014   Code   RO          352    i.osSystickHandler  cmsis_os.o
    0x08004954   0x0000002e   Code   RO          353    i.osThreadCreate    cmsis_os.o
    0x08004982   0x00000114   Code   RO         4356    i.pbuf_alloc        pbuf.o
    0x08004a96   0x00000052   Code   RO         4357    i.pbuf_alloced_custom  pbuf.o
    0x08004ae8   0x00000028   Code   RO         4358    i.pbuf_cat          pbuf.o
    0x08004b10   0x00000012   Code   RO         4360    i.pbuf_clen         pbuf.o
    0x08004b22   0x0000009a   Code   RO         4362    i.pbuf_copy         pbuf.o
    0x08004bbc   0x00000068   Code   RO         4363    i.pbuf_copy_partial  pbuf.o
    0x08004c24   0x00000060   Code   RO         4365    i.pbuf_free         pbuf.o
    0x08004c84   0x00000006   Code   RO         4367    i.pbuf_header       pbuf.o
    0x08004c8a   0x00000006   Code   RO         4368    i.pbuf_header_force  pbuf.o
    0x08004c90   0x00000064   Code   RO         4369    i.pbuf_header_impl  pbuf.o
    0x08004cf4   0x00000054   Code   RO         4373    i.pbuf_realloc      pbuf.o
    0x08004d48   0x0000001a   Code   RO         4374    i.pbuf_ref          pbuf.o
    0x08004d62   0x00000002   PAD
    0x08004d64   0x00000054   Code   RO         3786    i.plug_holes        mem.o
    0x08004db8   0x00000062   Code   RO         2345    i.poll_tcp          api_msg.o
    0x08004e1a   0x00000002   PAD
    0x08004e1c   0x00000070   Code   RO          717    i.prvAddCurrentTaskToDelayedList  tasks.o
    0x08004e8c   0x000000d0   Code   RO          718    i.prvAddNewTaskToReadyList  tasks.o
    0x08004f5c   0x00000050   Code   RO          719    i.prvCheckTasksWaitingTermination  tasks.o
    0x08004fac   0x00000026   Code   RO           93    i.prvCopyDataFromQueue  queue.o
    0x08004fd2   0x0000006c   Code   RO           94    i.prvCopyDataToQueue  queue.o
    0x0800503e   0x00000014   Code   RO          720    i.prvDeleteTCB      tasks.o
    0x08005052   0x00000002   PAD
    0x08005054   0x0000004c   Code   RO            1    i.prvHeapInit       heap_4.o
    0x080050a0   0x00000028   Code   RO          721    i.prvIdleTask       tasks.o
    0x080050c8   0x0000009c   Code   RO          722    i.prvInitialiseNewTask  tasks.o
    0x08005164   0x0000004c   Code   RO            2    i.prvInsertBlockIntoFreeList  heap_4.o
    0x080051b0   0x0000001c   Code   RO           95    i.prvIsQueueEmpty   queue.o
    0x080051cc   0x00000020   Code   RO          724    i.prvResetNextTaskUnblockTime  tasks.o
    0x080051ec   0x00000028   Code   RO         1111    i.prvTaskExitError  port.o
    0x08005214   0x0000006a   Code   RO           96    i.prvUnlockQueue    queue.o
    0x0800527e   0x00000002   PAD
    0x08005280   0x000000d8   Code   RO            3    i.pvPortMalloc      heap_4.o
    0x08005358   0x00000018   Code   RO          726    i.pvTaskIncrementMutexHeldCount  tasks.o
    0x08005370   0x0000002c   Code   RO         1112    i.pxPortInitialiseStack  port.o
    0x0800539c   0x00000072   Code   RO         2346    i.recv_tcp          api_msg.o
    0x0800540e   0x00000056   Code   RO         2347    i.sent_tcp          api_msg.o
    0x08005464   0x00000044   Code   RO         2348    i.setup_tcp         api_msg.o
    0x080054a8   0x00000044   Code   RO         2143    i.sys_arch_mbox_fetch  sys_arch.o
    0x080054ec   0x00000022   Code   RO         2144    i.sys_arch_mbox_tryfetch  sys_arch.o
    0x0800550e   0x00000002   PAD
    0x08005510   0x00000018   Code   RO         2145    i.sys_arch_protect  sys_arch.o
    0x08005528   0x00000038   Code   RO         2146    i.sys_arch_sem_wait  sys_arch.o
    0x08005560   0x0000000c   Code   RO         2147    i.sys_arch_unprotect  sys_arch.o
    0x0800556c   0x00000058   Code   RO         3217    i.sys_check_timeouts  timeouts.o
    0x080055c4   0x00000018   Code   RO         2148    i.sys_init          sys_arch.o
    0x080055dc   0x00000014   Code   RO         2149    i.sys_mbox_free     sys_arch.o
    0x080055f0   0x00000028   Code   RO         2150    i.sys_mbox_new      sys_arch.o
    0x08005618   0x00000006   Code   RO         2152    i.sys_mbox_set_invalid  sys_arch.o
    0x0800561e   0x00000014   Code   RO         2153    i.sys_mbox_trypost  sys_arch.o
    0x08005632   0x0000000a   Code   RO         2154    i.sys_mbox_valid    sys_arch.o
    0x0800563c   0x0000000a   Code   RO         2156    i.sys_mutex_lock    sys_arch.o
    0x08005646   0x0000001c   Code   RO         2157    i.sys_mutex_new     sys_arch.o
    0x08005662   0x00000006   Code   RO         2158    i.sys_mutex_unlock  sys_arch.o
    0x08005668   0x00000004   Code   RO         7193    i.sys_now           ethernetif.o
    0x0800566c   0x00000006   Code   RO         2159    i.sys_sem_free      sys_arch.o
    0x08005672   0x0000002a   Code   RO         2160    i.sys_sem_new       sys_arch.o
    0x0800569c   0x00000006   Code   RO         2161    i.sys_sem_set_invalid  sys_arch.o
    0x080056a2   0x00000006   Code   RO         2162    i.sys_sem_signal    sys_arch.o
    0x080056a8   0x0000000a   Code   RO         2163    i.sys_sem_valid     sys_arch.o
    0x080056b2   0x00000030   Code   RO         2164    i.sys_thread_new    sys_arch.o
    0x080056e2   0x00000002   PAD
    0x080056e4   0x00000090   Code   RO         3219    i.sys_timeout       timeouts.o
    0x08005774   0x00000034   Code   RO         3220    i.sys_timeouts_init  timeouts.o
    0x080057a8   0x00000048   Code   RO         3221    i.sys_timeouts_mbox_fetch  timeouts.o
    0x080057f0   0x000000cc   Code   RO         3856    i.tcp_abandon       tcp.o
    0x080058bc   0x00000006   Code   RO         3857    i.tcp_abort         tcp.o
    0x080058c2   0x0000000e   Code   RO         3858    i.tcp_accept        tcp.o
    0x080058d0   0x00000104   Code   RO         3860    i.tcp_alloc         tcp.o
    0x080059d4   0x00000008   Code   RO         3861    i.tcp_arg           tcp.o
    0x080059dc   0x00000094   Code   RO         3862    i.tcp_bind          tcp.o
    0x08005a70   0x00000014   Code   RO         3863    i.tcp_close         tcp.o
    0x08005a84   0x00000164   Code   RO         3864    i.tcp_close_shutdown  tcp.o
    0x08005be8   0x000000f0   Code   RO         3865    i.tcp_connect       tcp.o
    0x08005cd8   0x00000098   Code   RO         3112    i.tcp_create_segment  tcp_out.o
    0x08005d70   0x00000022   Code   RO         3867    i.tcp_eff_send_mss_impl  tcp.o
    0x08005d92   0x00000090   Code   RO         3113    i.tcp_enqueue_flags  tcp_out.o
    0x08005e22   0x0000000a   Code   RO         3868    i.tcp_err           tcp.o
    0x08005e2c   0x00000058   Code   RO         3869    i.tcp_fasttmr       tcp.o
    0x08005e84   0x00000030   Code   RO         1340    i.tcp_getoptbyte    tcp_in.o
    0x08005eb4   0x00000002   Code   RO         3870    i.tcp_init          tcp.o
    0x08005eb6   0x00000002   PAD
    0x08005eb8   0x0000036c   Code   RO         1341    i.tcp_input         tcp_in.o
    0x08006224   0x00000052   Code   RO         3114    i.tcp_keepalive     tcp_out.o
    0x08006276   0x00000002   PAD
    0x08006278   0x0000003c   Code   RO         3871    i.tcp_kill_state    tcp.o
    0x080062b4   0x000000ec   Code   RO         1342    i.tcp_listen_input  tcp_in.o
    0x080063a0   0x0000004c   Code   RO         3873    i.tcp_netif_ip_addr_changed  tcp.o
    0x080063ec   0x00000022   Code   RO         3874    i.tcp_netif_ip_addr_changed_pcblist  tcp.o
    0x0800640e   0x00000006   Code   RO         3875    i.tcp_new           tcp.o
    0x08006414   0x0000005c   Code   RO         3877    i.tcp_new_port      tcp.o
    0x08006470   0x00000010   Code   RO         3878    i.tcp_next_iss      tcp.o
    0x08006480   0x000001c8   Code   RO         3115    i.tcp_output        tcp_out.o
    0x08006648   0x0000006a   Code   RO         3116    i.tcp_output_alloc_header  tcp_out.o
    0x080066b2   0x00000002   PAD
    0x080066b4   0x000000a8   Code   RO         3117    i.tcp_output_segment  tcp_out.o
    0x0800675c   0x00000074   Code   RO         1343    i.tcp_parseopt      tcp_in.o
    0x080067d0   0x0000004e   Code   RO         3118    i.tcp_pbuf_prealloc  tcp_out.o
    0x0800681e   0x0000003a   Code   RO         3879    i.tcp_pcb_purge     tcp.o
    0x08006858   0x00000050   Code   RO         3880    i.tcp_pcb_remove    tcp.o
    0x080068a8   0x00000008   Code   RO         3881    i.tcp_poll          tcp.o
    0x080068b0   0x00000370   Code   RO         1344    i.tcp_process       tcp_in.o
    0x08006c20   0x0000006a   Code   RO         3882    i.tcp_process_refused_data  tcp.o
    0x08006c8a   0x00000002   PAD
    0x08006c8c   0x000003e0   Code   RO         1345    i.tcp_receive       tcp_in.o
    0x0800706c   0x00000008   Code   RO         3883    i.tcp_recv          tcp.o
    0x08007074   0x00000024   Code   RO         3884    i.tcp_recv_null     tcp.o
    0x08007098   0x00000044   Code   RO         3885    i.tcp_recved        tcp.o
    0x080070dc   0x00000052   Code   RO         3119    i.tcp_rexmit        tcp_out.o
    0x0800712e   0x0000005c   Code   RO         3120    i.tcp_rexmit_fast   tcp_out.o
    0x0800718a   0x0000002e   Code   RO         3121    i.tcp_rexmit_rto    tcp_out.o
    0x080071b8   0x00000080   Code   RO         3122    i.tcp_rst           tcp_out.o
    0x08007238   0x0000001c   Code   RO         3886    i.tcp_seg_free      tcp.o
    0x08007254   0x00000012   Code   RO         3887    i.tcp_segs_free     tcp.o
    0x08007266   0x00000072   Code   RO         3123    i.tcp_send_empty_ack  tcp_out.o
    0x080072d8   0x00000044   Code   RO         3124    i.tcp_send_fin      tcp_out.o
    0x0800731c   0x00000008   Code   RO         3888    i.tcp_sent          tcp.o
    0x08007324   0x0000004e   Code   RO         3890    i.tcp_shutdown      tcp.o
    0x08007372   0x00000002   PAD
    0x08007374   0x00000260   Code   RO         3891    i.tcp_slowtmr       tcp.o
    0x080075d4   0x00000034   Code   RO         3223    i.tcp_timer_needed  timeouts.o
    0x08007608   0x00000068   Code   RO         1346    i.tcp_timewait_input  tcp_in.o
    0x08007670   0x00000020   Code   RO         3892    i.tcp_tmr           tcp.o
    0x08007690   0x00000010   Code   RO         1347    i.tcp_trigger_input_pcb_close  tcp_in.o
    0x080076a0   0x00000034   Code   RO         3894    i.tcp_update_rcv_ann_wnd  tcp.o
    0x080076d4   0x000002f0   Code   RO         3125    i.tcp_write         tcp_out.o
    0x080079c4   0x000000b4   Code   RO         3126    i.tcp_zero_window_probe  tcp_out.o
    0x08007a78   0x000000e4   Code   RO         7037    i.tcpecho_thread    lwip.o
    0x08007b5c   0x0000004c   Code   RO         1821    i.tcpip_init        tcpip.o
    0x08007ba8   0x00000048   Code   RO         1822    i.tcpip_inpkt       tcpip.o
    0x08007bf0   0x0000001c   Code   RO         1823    i.tcpip_input       tcpip.o
    0x08007c0c   0x00000020   Code   RO         1824    i.tcpip_send_msg_wait_sem  tcpip.o
    0x08007c2c   0x00000038   Code   RO         3224    i.tcpip_tcp_timer   timeouts.o
    0x08007c64   0x0000006c   Code   RO         1825    i.tcpip_thread      tcpip.o
    0x08007cd0   0x00000024   Code   RO          265    i.uxListRemove      list.o
    0x08007cf4   0x00000024   Code   RO           99    i.uxQueueMessagesWaiting  queue.o
    0x08007d18   0x00000016   Code   RO          100    i.uxQueueMessagesWaitingFromISR  queue.o
    0x08007d2e   0x00000016   Code   RO          266    i.vListInitialise   list.o
    0x08007d44   0x00000006   Code   RO          267    i.vListInitialiseItem  list.o
    0x08007d4a   0x00000030   Code   RO          268    i.vListInsert       list.o
    0x08007d7a   0x00000018   Code   RO          269    i.vListInsertEnd    list.o
    0x08007d92   0x00000002   PAD
    0x08007d94   0x00000040   Code   RO         1114    i.vPortEnterCritical  port.o
    0x08007dd4   0x00000028   Code   RO         1115    i.vPortExitCritical  port.o
    0x08007dfc   0x0000005c   Code   RO            4    i.vPortFree         heap_4.o
    0x08007e58   0x00000020   Code   RO         1116    i.vPortSetupTimerInterrupt  port.o
    0x08007e78   0x00000054   Code   RO         1117    i.vPortValidateInterruptPriority  port.o
    0x08007ecc   0x00000024   Code   RO          103    i.vQueueDelete      queue.o
    0x08007ef0   0x00000028   Code   RO          105    i.vQueueUnregisterQueue  queue.o
    0x08007f18   0x0000004c   Code   RO          734    i.vTaskDelay        tasks.o
    0x08007f64   0x0000000c   Code   RO          738    i.vTaskMissedYield  tasks.o
    0x08007f70   0x00000030   Code   RO          740    i.vTaskPlaceOnEventList  tasks.o
    0x08007fa0   0x00000084   Code   RO          742    i.vTaskPriorityInherit  tasks.o
    0x08008024   0x00000024   Code   RO          746    i.vTaskSetTimeOutState  tasks.o
    0x08008048   0x00000068   Code   RO          747    i.vTaskStartScheduler  tasks.o
    0x080080b0   0x00000010   Code   RO          749    i.vTaskSuspendAll   tasks.o
    0x080080c0   0x0000005c   Code   RO          750    i.vTaskSwitchContext  tasks.o
    0x0800811c   0x000000e0   Code   RO         1118    i.xPortStartScheduler  port.o
    0x080081fc   0x0000002c   Code   RO         1119    i.xPortSysTickHandler  port.o
    0x08008228   0x00000024   Code   RO          106    i.xQueueCreateMutex  queue.o
    0x0800824c   0x00000052   Code   RO          107    i.xQueueGenericCreate  queue.o
    0x0800829e   0x00000002   PAD
    0x080082a0   0x0000016c   Code   RO          108    i.xQueueGenericReceive  queue.o
    0x0800840c   0x00000088   Code   RO          109    i.xQueueGenericReset  queue.o
    0x08008494   0x00000160   Code   RO          110    i.xQueueGenericSend  queue.o
    0x080085f4   0x000000bc   Code   RO          111    i.xQueueGenericSendFromISR  queue.o
    0x080086b0   0x0000009c   Code   RO          112    i.xQueueGiveFromISR  queue.o
    0x0800874c   0x0000009a   Code   RO          116    i.xQueueReceiveFromISR  queue.o
    0x080087e6   0x00000002   PAD
    0x080087e8   0x0000006c   Code   RO          751    i.xTaskCheckForTimeOut  tasks.o
    0x08008854   0x00000056   Code   RO          752    i.xTaskCreate       tasks.o
    0x080088aa   0x00000002   PAD
    0x080088ac   0x0000001c   Code   RO          756    i.xTaskGetSchedulerState  tasks.o
    0x080088c8   0x0000000c   Code   RO          757    i.xTaskGetTickCount  tasks.o
    0x080088d4   0x00000010   Code   RO          758    i.xTaskGetTickCountFromISR  tasks.o
    0x080088e4   0x000000c8   Code   RO          759    i.xTaskIncrementTick  tasks.o
    0x080089ac   0x00000098   Code   RO          762    i.xTaskPriorityDisinherit  tasks.o
    0x08008a44   0x00000074   Code   RO          763    i.xTaskRemoveFromEventList  tasks.o
    0x08008ab8   0x000000c4   Code   RO          765    i.xTaskResumeAll    tasks.o
    0x08008b7c   0x0000000c   Data   RO         2165    .constdata          sys_arch.o
    0x08008b88   0x00000006   Data   RO         2717    .constdata          ethernet.o
    0x08008b8e   0x00000006   Data   RO         2718    .constdata          ethernet.o
    0x08008b94   0x00000018   Data   RO         3225    .constdata          timeouts.o
    0x08008bac   0x0000000c   Data   RO         3592    .constdata          memp.o
    0x08008bb8   0x0000000c   Data   RO         3593    .constdata          memp.o
    0x08008bc4   0x0000000c   Data   RO         3594    .constdata          memp.o
    0x08008bd0   0x0000000c   Data   RO         3595    .constdata          memp.o
    0x08008bdc   0x0000000c   Data   RO         3596    .constdata          memp.o
    0x08008be8   0x0000000c   Data   RO         3597    .constdata          memp.o
    0x08008bf4   0x0000000c   Data   RO         3598    .constdata          memp.o
    0x08008c00   0x0000000c   Data   RO         3599    .constdata          memp.o
    0x08008c0c   0x0000000c   Data   RO         3600    .constdata          memp.o
    0x08008c18   0x0000000c   Data   RO         3601    .constdata          memp.o
    0x08008c24   0x0000000c   Data   RO         3602    .constdata          memp.o
    0x08008c30   0x0000000c   Data   RO         3603    .constdata          memp.o
    0x08008c3c   0x00000030   Data   RO         3604    .constdata          memp.o
    0x08008c6c   0x00000054   Data   RO         3895    .constdata          tcp.o
    0x08008cc0   0x00000004   Data   RO         4526    .constdata          ip4_addr.o
    0x08008cc4   0x00000010   Data   RO         6951    .constdata          system_stm32f4xx.o
    0x08008cd4   0x00000008   Data   RO         6952    .constdata          system_stm32f4xx.o
    0x08008cdc   0x00000014   Data   RO         7039    .constdata          lwip.o
    0x08008cf0   0x00000014   Data   RO         7102    .constdata          main.o
    0x08008d04   0x00000014   Data   RO         7195    .constdata          ethernetif.o
    0x08008d18   0x00000075   Data   RO         3896    .conststring        tcp.o
    0x08008d8d   0x00000003   PAD
    0x08008d90   0x00000008   Data   RO         7040    .conststring        lwip.o
    0x08008d98   0x0000000c   Data   RO         7103    .conststring        main.o
    0x08008da4   0x00000006   Data   RO         7196    .conststring        ethernetif.o
    0x08008daa   0x00000002   PAD
    0x08008dac   0x00000020   Data   RO         7818    Region$$Table       anon$$obj.o


    Execution Region RW_IRAM1 (Base: 0x20000000, Size: 0x00013250, Max: 0x00020000, ABSOLUTE, COMPRESSED[0x00000014])

    Base Addr    Size         Type   Attr      Idx    E Section Name        Object

    0x20000000   0x00000018   Data   RW            9    .data               heap_4.o
    0x20000018   0x0000003c   Data   RW          768    .data               tasks.o
    0x20000054   0x0000000c   Data   RW         1120    .data               port.o
    0x20000060   0x00000024   Data   RW         1349    .data               tcp_in.o
    0x20000084   0x00000010   Data   RW         1827    .data               tcpip.o
    0x20000094   0x00000002   Data   RW         2046    .data               ip4.o
    0x20000096   0x00000002   PAD
    0x20000098   0x00000004   Data   RW         2167    .data               sys_arch.o
    0x2000009c   0x00000001   Data   RW         2349    .data               api_msg.o
    0x2000009d   0x00000003   PAD
    0x200000a0   0x0000000c   Data   RW         2572    .data               netif.o
    0x200000ac   0x00000001   Data   RW         2785    .data               etharp.o
    0x200000ad   0x00000003   PAD
    0x200000b0   0x0000000c   Data   RW         3226    .data               timeouts.o
    0x200000bc   0x00000008   Data   RW         3364    .data               ip4_frag.o
    0x200000c4   0x00000004   Data   RW         3605    .data               memp.o
    0x200000c8   0x00000004   Data   RW         3606    .data               memp.o
    0x200000cc   0x00000004   Data   RW         3607    .data               memp.o
    0x200000d0   0x00000004   Data   RW         3608    .data               memp.o
    0x200000d4   0x00000004   Data   RW         3609    .data               memp.o
    0x200000d8   0x00000004   Data   RW         3610    .data               memp.o
    0x200000dc   0x00000004   Data   RW         3611    .data               memp.o
    0x200000e0   0x00000004   Data   RW         3612    .data               memp.o
    0x200000e4   0x00000004   Data   RW         3613    .data               memp.o
    0x200000e8   0x00000004   Data   RW         3614    .data               memp.o
    0x200000ec   0x00000004   Data   RW         3615    .data               memp.o
    0x200000f0   0x00000004   Data   RW         3616    .data               memp.o
    0x200000f4   0x00000010   Data   RW         3788    .data               mem.o
    0x20000104   0x00000020   Data   RW         3897    .data               tcp.o
    0x20000124   0x00000004   Data   RW         5306    .data               stm32f4xx_hal.o
    0x20000128   0x00000004   Data   RW         6953    .data               system_stm32f4xx.o
    0x2000012c   0x00000024   Data   RW         7041    .data               lwip.o
    0x20000150   0x00000004   Data   RW         7104    .data               main.o
    0x20000154   0x00000004   Data   RW         7197    .data               ethernetif.o
    0x20000158   0x00000004   Data   RW         7792    .data               mc_w.l(stdout.o)
    0x2000015c   0x00003c00   Zero   RW            8    .bss                heap_4.o
    0x20003d5c   0x00000040   Zero   RW          117    .bss                queue.o
    0x20003d9c   0x000000f0   Zero   RW          767    .bss                tasks.o
    0x20003e8c   0x00000010   Zero   RW         1348    .bss                tcp_in.o
    0x20003e9c   0x000000f0   Zero   RW         2784    .bss                etharp.o
    0x20003f8c   0x000002e7   Zero   RW         3580    .bss                memp.o
    0x20004273   0x000000e3   Zero   RW         3581    .bss                memp.o
    0x20004356   0x00000103   Zero   RW         3582    .bss                memp.o
    0x20004459   0x000000a3   Zero   RW         3583    .bss                memp.o
    0x200044fc   0x0000016b   Zero   RW         3584    .bss                memp.o
    0x20004667   0x00000023   Zero   RW         3585    .bss                memp.o
    0x2000468a   0x000000a3   Zero   RW         3586    .bss                memp.o
    0x2000472d   0x00000083   Zero   RW         3587    .bss                memp.o
    0x200047b0   0x00000083   Zero   RW         3588    .bss                memp.o
    0x20004833   0x00000033   Zero   RW         3589    .bss                memp.o
    0x20004866   0x00000103   Zero   RW         3590    .bss                memp.o
    0x20004969   0x00006503   Zero   RW         3591    .bss                memp.o
    0x2000ae6c   0x00004e33   Zero   RW         3787    .bss                mem.o
    0x2000fc9f   0x00000001   PAD
    0x2000fca0   0x00000018   Zero   RW         4130    .bss                ip.o
    0x2000fcb8   0x00000034   Zero   RW         7038    .bss                lwip.o
    0x2000fcec   0x00000040   Zero   RW         7101    .bss                main.o
    0x2000fd2c   0x000030e8   Zero   RW         7194    .bss                ethernetif.o
    0x20012e14   0x0000003c   Zero   RW         7368    .bss                stm32f4xx_hal_timebase_tim.o
    0x20012e50   0x00000400   Zero   RW         6984    STACK               startup_stm32f407xx.o


==============================================================================

Image component sizes


      Code (inc. data)   RO Data    RW Data    ZI Data      Debug   Object Name

       666         42          0          0          0      28196   api_lib.o
      2590         60          0          1          0      22833   api_msg.o
         0          0          0          0          0     708904   ccp.o
       880         32          0          0          0      28957   cmsis_os.o
         0          0          0          0          0       2848   croutine.o
         8          0          0          0          0       1058   def.o
      1440         56          0          1        240      10647   etharp.o
       234          6         12          0          0       2386   ethernet.o
      1186         86         26          4      12520       8118   ethernetif.o
       460         24          0         24      15360      15247   heap_4.o
       368          4          0          0          0       3254   icmp.o
         0          0          0          0          0       7076   inet_chksum.o
        30          0          0          0          0        560   init.o
         0          0          0          0         24       3002   ip.o
       690         28          0          2          0      13567   ip4.o
        46          0          4          0          0       6714   ip4_addr.o
      1334         36          0          8          0       8550   ip4_frag.o
       136          0          0          0          0       8590   list.o
       492        134         28         36         52      10054   lwip.o
       424         44         32          4         64       8610   main.o
       656         28          0         16      20019       5069   mem.o
       184         16        192         48      28384      10470   memp.o
       102          0          0          0          0       3296   netbuf.o
       404         16          0         12          0      10841   netif.o
       992         12          0          0          0       9636   pbuf.o
       758         84          0         12          0      11853   port.o
      1882         18          0          0         64      27645   queue.o
        36          8        392          0       1024        804   startup_stm32f407xx.o
       108         16          0          4          0       3788   stm32f4xx_hal.o
       218         14          0          0          0      30641   stm32f4xx_hal_cortex.o
      2444         76          0          0          0      13591   stm32f4xx_hal_eth.o
       442         44          0          0          0       2196   stm32f4xx_hal_gpio.o
       164         14          0          0          0       1477   stm32f4xx_hal_msp.o
      1452         86          0          0          0       6081   stm32f4xx_hal_rcc.o
       638         44          0          0          0       6882   stm32f4xx_hal_tim.o
         4          0          0          0          0       1606   stm32f4xx_hal_tim_ex.o
       116         16          0          0         60       1424   stm32f4xx_hal_timebase_tim.o
      1068          8          0          0          0       3636   stm32f4xx_hal_uart.o
        52         18          0          0          0       4544   stm32f4xx_it.o
       476         26         12          4          0      17656   sys_arch.o
        84         18         24          4          0       1155   system_stm32f4xx.o
      2102        180          0         60        240      22540   tasks.o
      2862        106        201         32          0      32532   tcp.o
      3268        118          0         36         16      36292   tcp_in.o
      2648          8          0          0          0      13355   tcp_out.o
       316         48          0         16          0       8185   tcpip.o
       492         70         24         12          0       6260   timeouts.o

    ----------------------------------------------------------------------
     35022       1644        984        344      78068    1192626   Object Totals
         0          0         32          0          0          0   (incl. Generated)
        70          0          5          8          1          0   (incl. Padding)

    ----------------------------------------------------------------------

      Code (inc. data)   RO Data    RW Data    ZI Data      Debug   Library Member Name

        58          0          0          0          0          0   __dczerorl.o
         0          0          0          0          0          0   entry.o
         0          0          0          0          0          0   entry10a.o
         0          0          0          0          0          0   entry11a.o
         8          4          0          0          0          0   entry2.o
         4          0          0          0          0          0   entry5.o
         0          0          0          0          0          0   entry7b.o
         0          0          0          0          0          0   entry8b.o
         8          4          0          0          0          0   entry9a.o
        30          0          0          0          0          0   handlers.o
        36          8          0          0          0         68   init.o
        26          0          0          0          0         80   memcmp.o
        36          0          0          0          0         68   memcpya.o
        36          0          0          0          0        108   memseta.o
        50          8          0          0          0        152   printfb.o
         0          0          0          4          0          0   stdout.o

    ----------------------------------------------------------------------
       294         24          0          4          0        476   Library Totals
         2          0          0          0          0          0   (incl. Padding)

    ----------------------------------------------------------------------

      Code (inc. data)   RO Data    RW Data    ZI Data      Debug   Library Name

       292         24          0          4          0        476   mc_w.l

    ----------------------------------------------------------------------
       294         24          0          4          0        476   Library Totals

    ----------------------------------------------------------------------

==============================================================================


      Code (inc. data)   RO Data    RW Data    ZI Data      Debug   

     35316       1668        984        348      78068    1158930   Grand Totals
     35316       1668        984         20      78068    1158930   ELF Image Totals (compressed)
     35316       1668        984         20          0          0   ROM Totals

==============================================================================

    Total RO  Size (Code + RO Data)                36300 (  35.45kB)
    Total RW  Size (RW Data + ZI Data)             78416 (  76.58kB)
    Total ROM Size (Code + RO Data + RW Data)      36320 (  35.47kB)

==============================================================================

