<html>
<body>
<pre>
<h1>µVision Build Log</h1>
<h2>Tool Versions:</h2>
IDE-Version: ¦ÌVision V5.12.0.0
Copyright (C) 2014 ARM Ltd and ARM Germany GmbH. All rights reserved.
License Information: a a, a, LIC=FYKJJ-UT4PC-W24LL-0G4X8-M53IF-EZTID
 
Tool Versions:
Toolchain:       MDK-ARM Standard  Version: 5.12.0.0
Toolchain Path:  C:\Keil_v5\ARM\ARMCC\Bin
C Compiler:      Armcc.exe V5.05 (build 41)
Assembler:       Armasm.exe V5.05 (build 41)
Linker/Locator:  ArmLink.exe V5.05 (build 41)
Library Manager: ArmAr.exe V5.05 (build 41)
Hex Converter:   FromElf.exe V5.05 (build 41)
CPU DLL:         SARMCM3.DLL V5.12.0.0
Dialog DLL:      DCM.DLL V1.13.0.0
    Target DLL: STLink\ST-LINKIII-KEIL_SWO.dll
Dialog DLL:      TCM.DLL V1.14.2.0
 
<h2>Project:</h2>
D:\STM32\CubeMXTemplates\stm32f4-eth-template\MDK-ARM\stm32f4-eth-template.uvprojx
Project File Date:  03/11/2017

<h2>Output:</h2>
Build target 'stm32f4-eth-template'
compiling tcp_led_ctrl.c...
..\Src\tcp_led_ctrl.c(11): warning:  #1295-D: Deprecated declaration trigger_led - give arg types
  static void trigger_led();
..\Src\tcp_led_ctrl.c(123): warning:  #223-D: function "ws2812_send_multi_ch_armcc" declared implicitly
                ws2812_send_multi_ch_armcc(&led_buffer[0][0], 
..\Src\tcp_led_ctrl.c(139): warning:  #223-D: function "ws2812_send_multi_ch_armcc" declared implicitly
        ws2812_send_multi_ch_armcc(&led_buffer[0][0], 
..\Src\tcp_led_ctrl.c: 3 warnings, 0 errors
linking...
Program Size: Code=35316 RO-data=984 RW-data=348 ZI-data=78068  
"stm32f4-eth-template\stm32f4-eth-template.axf" - 0 Error(s), 3 Warning(s).

<h2>Software Packages used:</h2>

Package Vendor: ARM
                http://www.keil.com/pack/ARM.CMSIS.4.2.0.pack
                ARM::CMSIS:CORE:3.40.0
                CMSIS (Cortex Microcontroller Software Interface Standard)
   * Component: CORE Version: 3.40.0

<h2>Collection of Component include folders:</h2>
  D:\STM32\CubeMXTemplates\stm32f4-eth-template\MDK-ARM\RTE
  C:\Keil_v5\ARM\PACK\ARM\CMSIS\4.2.0\CMSIS\Include
  C:\Keil_v5\ARM\PACK\Keil\STM32F4xx_DFP\2.2.0\Drivers\CMSIS\Device\ST\STM32F4xx\Include

<h2>Collection of Component Files used:</h2>

   * Component: ARM::CMSIS:CORE:3.40.0
      Source file:   CMSIS\UserCodeTemplates\ARM\ITM_Retarget.c
\ARM\CMSIS\4.2.0\CMSIS\Include
  C:\Keil_v5\ARM\PACK\Keil\STM32F4xx_DFP\2.2.0\Drivers\CMSIS\Device\ST\STM32F4xx\Include

<h2>Collection of Component Files used:</h2>

   * Component: ARM::CMSIS:CORE:3.40.0
      Source file:   CMSIS\UserCodeTemplates\ARM\ITM_Retarget.c
Target not created.
IS:CORE:3.40.0
      Source file:   CMSIS\UserCodeTemplates\ARM\ITM_Retarget.c
Target not created.
